
Note: the module "darshan" cannot be unloaded because it was not loaded.


Lmod is automatically replacing "PrgEnv-nvidia/8.5.0" with
"PrgEnv-intel/8.5.0".


Lmod is automatically replacing "nvidia/24.5" with "intel/2023.1.0".


Due to MODULEPATH changes, the following have been reloaded:
  1) cray-hdf5/1.12.2.3

The following have been reloaded with a version change:
  1) cray-libsci/24.07.0 => cray-libsci/23.09.1.1
  2) cray-mpich/8.1.30 => cray-mpich/8.1.27

Lmod has detected the following error: The following module(s) are unknown:
"dfftpack"

Please check the spelling or version number. Also try "module spider ..."
It is also possible your cache file is out-of-date; it may help to try:
  $ module --ignore_cache load "dfftpack"

Also make sure that all modulefiles written in TCL start with the string
#%Module




Lmod is automatically replacing "intel/2023.1.0" with "nvidia/24.5".


Lmod is automatically replacing "PrgEnv-intel/8.5.0" with
"PrgEnv-nvidia/8.5.0".


Due to MODULEPATH changes, the following have been reloaded:
  1) cray-hdf5/1.12.2.3

The following have been reloaded with a version change:
  1) cray-libsci/23.09.1.1 => cray-libsci/24.07.0
  2) cray-mpich/8.1.27 => cray-mpich/8.1.30
  3) cray-netcdf/4.9.0.7 => cray-netcdf/4.9.0.9

NCAPTC: : NetCDF: Variable not found
Warning: ieee_overflow is signaling
Warning: ieee_underflow is signaling
Warning: ieee_inexact is signaling
FORTRAN STOP
/global/common/software/atom/perlmutter/cesol/conda/v0.16.2/lib/python3.8/site-packages/scipy/optimize/_minpack_py.py:476: RuntimeWarning: Number of calls to function has reached maxfev = 3600.
  warnings.warn(errors[info][0], RuntimeWarning)
