 ====================/ WELCOME TO \====================
 ======================================================
 ===============================  ______========_======
 =====_____====______====_____===|_____ |=======||=====
 ====| ____|==| ____ |==| ___ |========||=======||=====
 ====||____===||====||==||===||===_____||=======||=====
 ====| ____|==||____||==||___||==|_____ |== ____||=====
 ====||=======| ____ |==||=\\==========||==| ___ |=====
 ====||=======||====||==||==\\====_____||==||___||=====
 ====||=======||====||==||== \\==|______|==|_____|=====
 ======================================================
 ======================\ ver1.0 /======================
 ====> Checking input list ... 
 ====> Input list check DONE !! 
forrtl: warning (499): REWIND is a no-op on terminal device
External Profiles: omgcya =  31.1563 betalf =   0.0234 bet00 =   0.0546
vthi =   0.1092 vthe =   6.2815 vtor0 =   0.5649
bt0 =  0.17924E+01 rmajr =   1.7660 rminr =   0.4603
va0 =   0.4867075E+07 pres_beam0 =   0.2992462E+02
Conversion factor from code freqeuncy to kHz:   0.4386341E+03
 ====> Equilibria set up DONE !! 
 ====> Preparing new run ...
 ====> Time stepping begins ...

bet0 =   0.8911E-01   betf0_f =   0.2373E-01
eps = <a>/<R> =   0.3222E+00   S = tau_R/tau_A =   0.5000E+07
bet0/eps**2 =   0.4293E+00   bet0_f/eps**2 =   0.1016E+00

vfova2 =   0.2155E+00
nfeq =   0.9898E+00
 ====> Time step =      300
 ====> Time step =      600
 ====> Time step =      900
 ====> Time step =     1200
 ====> Time step =     1500
 ====> Time step =     1800
 ====> Time step =     2100
 ====> Time step =     2400
 ====> Time step =     2700
 ====> Time step =     3000
 ====> Simulation DONE !! 
