NCAPTC: : NetCDF: Variable not found
Warning: ieee_overflow is signaling
Warning: ieee_underflow is signaling
Warning: ieee_inexact is signaling
FORTRAN STOP
 solver
 /global/common/software/atom/perlmutter/data/greentable/
 /global/common/software/atom/perlmutter/data/greentable/

          EFITD Version  07/09/2014


 type mode (2=file, 3=snap, 4=time, 5=input, 6=com file, 7=snap_ext):

 number of time slices?

 type input file names:
 #
 table_dir = </global/common/software/atom/perlmutter/data/greentable/>

  ----- time =     1 ms ----- ( 0)
 it=  1 chi2=0.00E+00 zm=-1.18E-04 err=1.882E+00 dz=-1.175E-04 chigam= 0.00E+00
 it=  2 chi2=0.00E+00 zm=-1.17E-04 err=2.628E-01 dz= 7.378E-07 chigam= 0.00E+00
 it=  3 chi2=0.00E+00 zm=-8.16E-05 err=1.489E-01 dz= 3.517E-05 chigam= 0.00E+00
 it=  4 chi2=0.00E+00 zm=-5.90E-05 err=8.385E-02 dz= 2.266E-05 chigam= 0.00E+00
 it=  5 chi2=0.00E+00 zm=-4.83E-05 err=4.548E-02 dz= 1.068E-05 chigam= 0.00E+00
 it=  6 chi2=0.00E+00 zm=-4.49E-05 err=2.470E-02 dz= 3.363E-06 chigam= 0.00E+00
 it=  7 chi2=0.00E+00 zm=-3.87E-05 err=1.238E-02 dz= 6.241E-06 chigam= 0.00E+00
 it=  8 chi2=0.00E+00 zm=-3.79E-05 err=6.573E-03 dz= 7.556E-07 chigam= 0.00E+00
 it=  9 chi2=0.00E+00 zm=-4.24E-05 err=3.548E-03 dz=-4.446E-06 chigam= 0.00E+00
 it= 10 chi2=0.00E+00 zm=-4.20E-05 err=1.914E-03 dz= 3.781E-07 chigam= 0.00E+00
 it= 11 chi2=0.00E+00 zm=-4.15E-05 err=1.034E-03 dz= 5.323E-07 chigam= 0.00E+00
 it= 12 chi2=0.00E+00 zm=-4.12E-05 err=5.601E-04 dz= 3.112E-07 chigam= 0.00E+00
 it= 13 chi2=0.00E+00 zm=-4.10E-05 err=3.384E-04 dz= 1.710E-07 chigam= 0.00E+00
 it= 14 chi2=0.00E+00 zm=-4.09E-05 err=2.059E-04 dz= 8.876E-08 chigam= 0.00E+00
 it= 15 chi2=0.00E+00 zm=-4.09E-05 err=1.252E-04 dz= 5.265E-08 chigam= 0.00E+00
 it= 16 chi2=0.00E+00 zm=-4.08E-05 err=7.602E-05 dz= 3.596E-08 chigam= 0.00E+00

      ******************** EFITD129 x 129  output ********************

       data used:   
  0 flux loops
  0 magnetic probes(i)
  0 full rogowski
  0 diamagnetic loop


 shot #   =          1 time(ms) =          1 chi**2   =  0.000E+00
 betat(%) =      2.254 betap    =      1.711 li       =      0.634
 vol(cm3) =  0.186E+08 rout(cm) =    170.471 zout(cm) =     -0.039
 elong    =      1.985 utriang  =      0.609 ltriang  =      0.609
 a(cm)    =     56.933 lin(cm)  = ********** lout(cm) =      1.246
 ltop(cm) = ********** q*       =      9.833 rc(cm)   =    177.204
 zc(cm)   =     -0.030 bt0(t)   =      2.000 qout     =     10.525
