srun: Job step's --cpus-per-task value exceeds that of job (128 > 1). Job step may never run.
========================================================================
= FASTRAN

nonlinear model = 1
ichi = 0
ineo = 0
reading state...
read formatted input, inprof...
init geometry...
read formatted input, inmetric...
nrho in inmetric = 101
rhob in inmetric = 1.832255e+00
solve avg grad-shafranv...
solve_avg_gs::Ip_temp = 8.099364e+00 
solve_avg_gs::Ip      = 8.100000e+00 
>>> tau_he = 5.000000, nhe(0)=1.295668e+00

 plasma volume = 242.125106
 stored energy(e,i,b) = 8.722734e+01 7.211413e+01 0.000000e+00
 betan = 2.586460
*power
 Pnb(e,i) = 0.000000e+00 0.000000e+00
 Prf(e,i) = 3.000008e+01 8.000022e+00
 Prad     = -1.880110e+01 
 Pei      = -3.831640e+01 
 Pfuse    = 5.419717e+01 
 Pfusi    = 1.530954e+01 
 Poh      = 0.000000e+00 
*confinement time
 taut, tauITER98y2, H98y2 : 1.796293e+00 1.381670e+00 1.300088e+00
 taue, taui : 3.221128e+00 1.344762e+00
 taut, tau89, H89 : 1.796293e+00 6.170071e-01 2.911301e+00
*temperature
 nea, nebar : 1.884839e+01 2.122285e+01 
 tea, tia : 7.088571e+00 6.458912e+00 (1.097487e+00)
 te0, ti0 : 1.591249e+01 1.381415e+01 (1.151898e+00)
 Sn : 0.000000e+00 
*current balance
 Ip,Ibs,Inb,Irf: 8.100000e+00 5.865858e+00 0.000000e+00 0.000000e+00
 fni,fbs: 0.724 0.724

 plasma volume = 242.125106
 stored energy(e,i,b) = 8.722734e+01 7.211413e+01 0.000000e+00
 betan = 2.586460
*power
 Pnb(e,i) = 0.000000e+00 0.000000e+00
 Prf(e,i) = 3.000008e+01 8.000022e+00
 Prad     = -1.880110e+01 
 Pei      = -3.831640e+01 
 Pfuse    = 5.419717e+01 
 Pfusi    = 1.530954e+01 
 Poh      = 0.000000e+00 
*confinement time
 taut, tauITER98y2, H98y2 : 1.796293e+00 1.381670e+00 1.300088e+00
 taue, taui : 3.221128e+00 1.344762e+00
 taut, tau89, H89 : 1.796293e+00 6.170071e-01 2.911301e+00
*temperature
 nea, nebar : 1.884839e+01 2.122285e+01 
 tea, tia : 7.088571e+00 6.458912e+00 (1.097487e+00)
 te0, ti0 : 1.591249e+01 1.381415e+01 (1.151898e+00)
 Sn : 0.000000e+00 
*current balance
 Ip,Ibs,Inb,Irf: 8.100000e+00 5.865858e+00 0.000000e+00 0.000000e+00
 fni,fbs: 0.724 0.724
 ELAPASED TIME = 0 sec
