NCAPTC: : NetCDF: Variable not found
Warning: ieee_overflow is signaling
Warning: ieee_underflow is signaling
Warning: ieee_inexact is signaling
FORTRAN STOP
 solver
 /global/common/software/atom/perlmutter/data/greentable/
 /global/common/software/atom/perlmutter/data/greentable/

          EFITD Version  07/09/2014


 type mode (2=file, 3=snap, 4=time, 5=input, 6=com file, 7=snap_ext):

 number of time slices?

 type input file names:
 #
 table_dir = </global/common/software/atom/perlmutter/data/greentable/>

  ----- time =     1 ms ----- ( 0)
 it=  1 chi2=0.00E+00 zm=-1.18E-04 err=1.882E+00 dz=-1.175E-04 chigam= 0.00E+00
 it=  2 chi2=0.00E+00 zm=-1.17E-04 err=2.625E-01 dz= 1.018E-06 chigam= 0.00E+00
 it=  3 chi2=0.00E+00 zm=-8.08E-05 err=1.489E-01 dz= 3.576E-05 chigam= 0.00E+00
 it=  4 chi2=0.00E+00 zm=-5.81E-05 err=8.394E-02 dz= 2.269E-05 chigam= 0.00E+00
 it=  5 chi2=0.00E+00 zm=-4.76E-05 err=4.556E-02 dz= 1.052E-05 chigam= 0.00E+00
 it=  6 chi2=0.00E+00 zm=-4.43E-05 err=2.475E-02 dz= 3.218E-06 chigam= 0.00E+00
 it=  7 chi2=0.00E+00 zm=-3.81E-05 err=1.240E-02 dz= 6.203E-06 chigam= 0.00E+00
 it=  8 chi2=0.00E+00 zm=-3.75E-05 err=6.584E-03 dz= 6.659E-07 chigam= 0.00E+00
 it=  9 chi2=0.00E+00 zm=-4.20E-05 err=3.554E-03 dz=-4.543E-06 chigam= 0.00E+00
 it= 10 chi2=0.00E+00 zm=-4.16E-05 err=1.918E-03 dz= 4.052E-07 chigam= 0.00E+00
 it= 11 chi2=0.00E+00 zm=-4.11E-05 err=1.037E-03 dz= 5.470E-07 chigam= 0.00E+00
 it= 12 chi2=0.00E+00 zm=-4.07E-05 err=5.615E-04 dz= 3.131E-07 chigam= 0.00E+00
 it= 13 chi2=0.00E+00 zm=-4.06E-05 err=3.406E-04 dz= 1.570E-07 chigam= 0.00E+00
 it= 14 chi2=0.00E+00 zm=-4.05E-05 err=2.073E-04 dz= 8.838E-08 chigam= 0.00E+00
 it= 15 chi2=0.00E+00 zm=-4.04E-05 err=1.261E-04 dz= 5.479E-08 chigam= 0.00E+00
 it= 16 chi2=0.00E+00 zm=-4.04E-05 err=7.659E-05 dz= 3.543E-08 chigam= 0.00E+00

      ******************** EFITD129 x 129  output ********************

       data used:   
  0 flux loops
  0 magnetic probes(i)
  0 full rogowski
  0 diamagnetic loop


 shot #   =          1 time(ms) =          1 chi**2   =  0.000E+00
 betat(%) =      2.259 betap    =      1.715 li       =      0.633
 vol(cm3) =  0.186E+08 rout(cm) =    170.471 zout(cm) =     -0.039
 elong    =      1.985 utriang  =      0.609 ltriang  =      0.609
 a(cm)    =     56.933 lin(cm)  = ********** lout(cm) =      1.246
 ltop(cm) = ********** q*       =      9.839 rc(cm)   =    177.225
 zc(cm)   =     -0.030 bt0(t)   =      2.000 qout     =     10.518
