09Sep2025 16:23:07.55 [19] -openLog: PID=209642 info_level=1
09Sep2025 16:23:07.55 [19] !c_setloglevel: info_level set to: 1
09Sep2025 16:23:07.55 [19] \Enter\ nubeam_step_child
09Sep2025 16:23:07.85 [19]   ! nbi_chunks_find_int: MAX_MPI_INT_BLOCK environment variable: undefined. use default  = 2000000
09Sep2025 16:23:07.85 [19]   ! nbi_chunks_find_r8: MAX_MPI_R8_BLOCK environment variable: undefined. use default  = 30000000
09Sep2025 16:23:08.28 [19]   !NBSTART: WARNING --
09Sep2025 16:23:08.28 [19]   !   stop time of previous timestep = 5.000000e-02
09Sep2025 16:23:08.28 [19]   !   start time of current timestep = 0.000000e+00
09Sep2025 16:23:10.61 [19]   !
09Sep2025 16:23:10.61 [19]   !IN NBSTART: myidd= 19
09Sep2025 16:23:10.61 [19]   !Total time in nbstart= 2.469761e-01
09Sep2025 16:23:10.61 [19]   !Total time for file read= 4.000003e-08
09Sep2025 16:23:10.61 [19]   !
09Sep2025 16:23:10.61 [19]   !IN DEPALL: myidd= 19
09Sep2025 16:23:10.61 [19]   !Total parallel processing time= 3.149121e-02
09Sep2025 16:23:10.61 [19]   !Total time for calculation= 3.528594e-02
09Sep2025 16:23:10.61 [19]   !Total time in depall/add_track= 2.782530e-02
09Sep2025 16:23:10.61 [19]   !Time for MPI dpt_gather= 0.000000e+00
09Sep2025 16:23:10.61 [19]   !Total time in depall= 6.677715e-02
09Sep2025 16:23:10.61 [19]   !
09Sep2025 16:23:10.61 [19]   !IN ORBALL: myidd= 19
09Sep2025 16:23:10.61 [19]   !Time for MPI BUF Reduce= 4.698590e-01
09Sep2025 16:23:10.61 [19]   !Time for calculation= 1.546918e+00
09Sep2025 16:23:10.61 [19]   !Total time in orball= 2.016777e+00
09Sep2025 16:23:10.61 [19]   !Total time in orball (using cptim)= 2.015024e+00
09Sep2025 16:23:10.61 [19]   !
09Sep2025 16:23:10.61 [19]   !IN NBSTART, DEPALL, ORBALL: myidd= 19
09Sep2025 16:23:10.61 [19]   !Total time = 2.330530e+00
09Sep2025 16:23:10.61 [19]   !
09Sep2025 16:23:10.62 [19] /Exit / nubeam_step_child
09Sep2025 16:23:10.98 [19] \Enter\ nbi_avg_bsource
