09Sep2025 16:23:07.55 [05] -openLog: PID=209614 info_level=1
09Sep2025 16:23:07.55 [05] !c_setloglevel: info_level set to: 1
09Sep2025 16:23:07.55 [05] \Enter\ nubeam_step_child
09Sep2025 16:23:07.85 [05]   ! nbi_chunks_find_int: MAX_MPI_INT_BLOCK environment variable: undefined. use default  = 2000000
09Sep2025 16:23:07.85 [05]   ! nbi_chunks_find_r8: MAX_MPI_R8_BLOCK environment variable: undefined. use default  = 30000000
09Sep2025 16:23:08.28 [05]   !NBSTART: WARNING --
09Sep2025 16:23:08.28 [05]   !   stop time of previous timestep = 5.000000e-02
09Sep2025 16:23:08.28 [05]   !   start time of current timestep = 0.000000e+00
09Sep2025 16:23:10.61 [05]   !
09Sep2025 16:23:10.61 [05]   !IN NBSTART: myidd= 5
09Sep2025 16:23:10.61 [05]   !Total time in nbstart= 2.458336e-01
09Sep2025 16:23:10.61 [05]   !Total time for file read= 3.999980e-08
09Sep2025 16:23:10.61 [05]   !
09Sep2025 16:23:10.61 [05]   !IN DEPALL: myidd= 5
09Sep2025 16:23:10.61 [05]   !Total parallel processing time= 2.727182e-02
09Sep2025 16:23:10.61 [05]   !Total time for calculation= 4.750911e-02
09Sep2025 16:23:10.61 [05]   !Total time in depall/add_track= 2.339563e-02
09Sep2025 16:23:10.61 [05]   !Time for MPI dpt_gather= 0.000000e+00
09Sep2025 16:23:10.61 [05]   !Total time in depall= 7.478093e-02
09Sep2025 16:23:10.61 [05]   !
09Sep2025 16:23:10.61 [05]   !IN ORBALL: myidd= 5
09Sep2025 16:23:10.61 [05]   !Time for MPI BUF Reduce= 4.623678e-01
09Sep2025 16:23:10.61 [05]   !Time for calculation= 1.555097e+00
09Sep2025 16:23:10.61 [05]   !Total time in orball= 2.017465e+00
09Sep2025 16:23:10.61 [05]   !Total time in orball (using cptim)= 2.013946e+00
09Sep2025 16:23:10.61 [05]   !
09Sep2025 16:23:10.61 [05]   !IN NBSTART, DEPALL, ORBALL: myidd= 5
09Sep2025 16:23:10.61 [05]   !Total time = 2.338079e+00
09Sep2025 16:23:10.61 [05]   !
09Sep2025 16:23:10.62 [05] /Exit / nubeam_step_child
09Sep2025 16:23:10.98 [05] \Enter\ nbi_avg_bsource
