    09/09/25  16:19:40    nubeam INIT starting.
    09/09/25  16:19:41    nubeam INIT completed.
    09/09/25  16:20:54    nubeam STEP starting.
    09/09/25  16:20:54     ...start step 1 dt=5.0000E-02
    09/09/25  16:20:56     ...start step 2 dt=5.0000E-02
    09/09/25  16:20:58     ...start step 3 dt=5.0000E-02
    09/09/25  16:21:00     ...start step 4 dt=5.0000E-02
    09/09/25  16:21:03     ...start step 5 dt=5.0000E-02
    09/09/25  16:21:07     ...start step 6 dt=5.0000E-02
    09/09/25  16:21:10     ...start step 7 dt=5.0000E-02
    09/09/25  16:21:14     ...start step 8 dt=5.0000E-02
    09/09/25  16:21:16     ...start step 9 dt=5.0000E-02
    09/09/25  16:21:19     ...start step 10 dt=5.0000E-02
    09/09/25  16:21:22     ...start step 11 dt=5.0000E-02
    09/09/25  16:21:25     ...start step 12 dt=5.0000E-02
    09/09/25  16:21:27     ...start step 13 dt=5.0000E-02
    09/09/25  16:21:30     ...start step 14 dt=5.0000E-02
    09/09/25  16:21:33     ...start step 15 dt=5.0000E-02
    09/09/25  16:21:36     ...start step 16 dt=5.0000E-02
    09/09/25  16:21:38     ...start step 17 dt=5.0000E-02
    09/09/25  16:21:41     ...start step 18 dt=5.0000E-02
    09/09/25  16:21:44     ...start step 19 dt=5.0000E-02
    09/09/25  16:21:47     ...start step 20 dt=5.0000E-02
    09/09/25  16:21:50     ...start step 21 dt=5.0000E-02
    09/09/25  16:21:53     ...start step 22 dt=5.0000E-02
    09/09/25  16:21:56     ...start step 23 dt=5.0000E-02
    09/09/25  16:21:58     ...start step 24 dt=5.0000E-02
    09/09/25  16:22:01     ...start step 25 dt=5.0000E-02
    09/09/25  16:22:04     ...start step 26 dt=5.0000E-02
    09/09/25  16:22:07     ...start step 27 dt=5.0000E-02
    09/09/25  16:22:10     ...start step 28 dt=5.0000E-02
    09/09/25  16:22:12     ...start step 29 dt=5.0000E-02
    09/09/25  16:22:15     ...start step 30 dt=5.0000E-02
    09/09/25  16:22:18    nubeam STEP completed.
    09/09/25  16:22:20    nubeam STEP starting.
    09/09/25  16:22:20     ...start step 1 dt=5.0000E-02
    09/09/25  16:22:24    nubeam STEP completed.
    09/09/25  16:22:26    nubeam STEP starting.
    09/09/25  16:22:26     ...start step 1 dt=5.0000E-02
    09/09/25  16:22:30    nubeam STEP completed.
    09/09/25  16:22:31    nubeam STEP starting.
    09/09/25  16:22:31     ...start step 1 dt=5.0000E-02
    09/09/25  16:22:36    nubeam STEP completed.
    09/09/25  16:22:37    nubeam STEP starting.
    09/09/25  16:22:37     ...start step 1 dt=5.0000E-02
    09/09/25  16:22:41    nubeam STEP completed.
    09/09/25  16:22:42    nubeam STEP starting.
    09/09/25  16:22:42     ...start step 1 dt=5.0000E-02
    09/09/25  16:22:46    nubeam STEP completed.
    09/09/25  16:22:47    nubeam STEP starting.
    09/09/25  16:22:47     ...start step 1 dt=5.0000E-02
    09/09/25  16:22:51    nubeam STEP completed.
    09/09/25  16:22:52    nubeam STEP starting.
    09/09/25  16:22:53     ...start step 1 dt=5.0000E-02
    09/09/25  16:22:56    nubeam STEP completed.
    09/09/25  16:22:57    nubeam STEP starting.
    09/09/25  16:22:58     ...start step 1 dt=5.0000E-02
    09/09/25  16:23:02    nubeam STEP completed.
    09/09/25  16:23:02    nubeam STEP starting.
    09/09/25  16:23:03     ...start step 1 dt=5.0000E-02
    09/09/25  16:23:06    nubeam STEP completed.
    09/09/25  16:23:07    nubeam STEP starting.
    09/09/25  16:23:07     ...start step 1 dt=5.0000E-02
    09/09/25  16:23:11    nubeam STEP completed.
