 ./s000001.00001
 ./nubeam_init_input.dat
 ./state_changes.cdf
 ./nubeam_status_summary.log
 ./nubeam_save_files.output
 ./nbx_share.args
 ./s000001.00001
 ./nubeam_step_input.dat
 ./state_changes.cdf
 ./nubeam_status_summary.log
 ./nubeam_save_files.output
 ./nbx_share.args
 ./s000001.00001
 ./nubeam_step_input.dat
 ./state_changes.cdf
 ./nubeam_status_summary.log
 ./nubeam_save_files.output
 ./nbx_share.args
 ./s000001.00001
 ./nubeam_step_input.dat
 ./state_changes.cdf
 ./nubeam_status_summary.log
 ./nubeam_save_files.output
 ./nbx_share.args
 ./s000001.00001
 ./nubeam_step_input.dat
 ./state_changes.cdf
 ./nubeam_status_summary.log
 ./nubeam_save_files.output
 ./nbx_share.args
 ./s000001.00001
 ./nubeam_step_input.dat
 ./state_changes.cdf
 ./nubeam_status_summary.log
 ./nubeam_save_files.output
 ./nbx_share.args
 ./s000001.00001
 ./nubeam_step_input.dat
 ./state_changes.cdf
 ./nubeam_status_summary.log
 ./nubeam_save_files.output
 ./nbx_share.args
 ./s000001.00001
 ./nubeam_step_input.dat
 ./state_changes.cdf
 ./nubeam_status_summary.log
 ./nubeam_save_files.output
 ./nbx_share.args
 ./s000001.00001
 ./nubeam_step_input.dat
 ./state_changes.cdf
 ./nubeam_status_summary.log
 ./nubeam_save_files.output
 ./nbx_share.args
 ./s000001.00001
 ./nubeam_step_input.dat
 ./state_changes.cdf
 ./nubeam_status_summary.log
 ./nubeam_save_files.output
 ./nbx_share.args
 ./s000001.00001
 ./nubeam_step_input.dat
 ./state_changes.cdf
 ./nubeam_status_summary.log
 ./nubeam_save_files.output
 ./nbx_share.args
 ./s000001.00001
 ./nubeam_step_input.dat
 ./state_changes.cdf
