09Sep2025 16:23:07.55 [16] -openLog: PID=209636 info_level=1
09Sep2025 16:23:07.55 [16] !c_setloglevel: info_level set to: 1
09Sep2025 16:23:07.55 [16] \Enter\ nubeam_step_child
09Sep2025 16:23:07.85 [16]   ! nbi_chunks_find_int: MAX_MPI_INT_BLOCK environment variable: undefined. use default  = 2000000
09Sep2025 16:23:07.85 [16]   ! nbi_chunks_find_r8: MAX_MPI_R8_BLOCK environment variable: undefined. use default  = 30000000
09Sep2025 16:23:08.20 [16]   !NBSTART: WARNING --
09Sep2025 16:23:08.20 [16]   !   stop time of previous timestep = 5.000000e-02
09Sep2025 16:23:08.20 [16]   !   start time of current timestep = 0.000000e+00
09Sep2025 16:23:10.61 [16]   !
09Sep2025 16:23:10.61 [16]   !IN NBSTART: myidd= 16
09Sep2025 16:23:10.61 [16]   !Total time in nbstart= 3.319616e-01
09Sep2025 16:23:10.61 [16]   !Total time for file read= 4.000003e-08
09Sep2025 16:23:10.61 [16]   !
09Sep2025 16:23:10.61 [16]   !IN DEPALL: myidd= 16
09Sep2025 16:23:10.61 [16]   !Total parallel processing time= 3.010626e-02
09Sep2025 16:23:10.61 [16]   !Total time for calculation= 3.566884e-02
09Sep2025 16:23:10.61 [16]   !Total time in depall/add_track= 2.930174e-02
09Sep2025 16:23:10.61 [16]   !Time for MPI dpt_gather= 0.000000e+00
09Sep2025 16:23:10.61 [16]   !Total time in depall= 6.577511e-02
09Sep2025 16:23:10.61 [16]   !
09Sep2025 16:23:10.61 [16]   !IN ORBALL: myidd= 16
09Sep2025 16:23:10.61 [16]   !Time for MPI BUF Reduce= 4.927266e-01
09Sep2025 16:23:10.61 [16]   !Time for calculation= 1.523478e+00
09Sep2025 16:23:10.61 [16]   !Total time in orball= 2.016205e+00
09Sep2025 16:23:10.61 [16]   !Total time in orball (using cptim)= 2.014072e+00
09Sep2025 16:23:10.61 [16]   !
09Sep2025 16:23:10.61 [16]   !IN NBSTART, DEPALL, ORBALL: myidd= 16
09Sep2025 16:23:10.61 [16]   !Total time = 2.413941e+00
09Sep2025 16:23:10.61 [16]   !
09Sep2025 16:23:10.62 [16] /Exit / nubeam_step_child
09Sep2025 16:23:10.98 [16] \Enter\ nbi_avg_bsource
