NCAPTC: : NetCDF: Variable not found
Warning: ieee_overflow is signaling
Warning: ieee_underflow is signaling
Warning: ieee_inexact is signaling
FORTRAN STOP
 solver
 /global/common/software/atom/perlmutter/data/greentable/
 /global/common/software/atom/perlmutter/data/greentable/

          EFITD Version  07/09/2014


 type mode (2=file, 3=snap, 4=time, 5=input, 6=com file, 7=snap_ext):

 number of time slices?

 type input file names:
 #
 table_dir = </global/common/software/atom/perlmutter/data/greentable/>

  ----- time =     1 ms ----- ( 0)
 it=  1 chi2=0.00E+00 zm=-1.18E-04 err=1.882E+00 dz=-1.175E-04 chigam= 0.00E+00
 it=  2 chi2=0.00E+00 zm=-1.09E-04 err=2.647E-01 dz= 8.427E-06 chigam= 0.00E+00
 it=  3 chi2=0.00E+00 zm=-7.27E-05 err=1.490E-01 dz= 3.638E-05 chigam= 0.00E+00
 it=  4 chi2=0.00E+00 zm=-5.34E-05 err=8.492E-02 dz= 1.938E-05 chigam= 0.00E+00
 it=  5 chi2=0.00E+00 zm=-4.64E-05 err=4.679E-02 dz= 6.917E-06 chigam= 0.00E+00
 it=  6 chi2=0.00E+00 zm=-4.38E-05 err=2.536E-02 dz= 2.654E-06 chigam= 0.00E+00
 it=  7 chi2=0.00E+00 zm=-4.15E-05 err=1.303E-02 dz= 2.280E-06 chigam= 0.00E+00
 it=  8 chi2=0.00E+00 zm=-4.17E-05 err=6.895E-03 dz=-2.299E-07 chigam= 0.00E+00
 it=  9 chi2=0.00E+00 zm=-4.11E-05 err=3.635E-03 dz= 5.849E-07 chigam= 0.00E+00
 it= 10 chi2=0.00E+00 zm=-4.06E-05 err=1.991E-03 dz= 5.681E-07 chigam= 0.00E+00
 it= 11 chi2=0.00E+00 zm=-4.02E-05 err=1.111E-03 dz= 3.603E-07 chigam= 0.00E+00
 it= 12 chi2=0.00E+00 zm=-4.00E-05 err=6.243E-04 dz= 2.365E-07 chigam= 0.00E+00
 it= 13 chi2=0.00E+00 zm=-3.98E-05 err=3.528E-04 dz= 1.505E-07 chigam= 0.00E+00
 it= 14 chi2=0.00E+00 zm=-3.97E-05 err=2.004E-04 dz= 1.019E-07 chigam= 0.00E+00
 it= 15 chi2=0.00E+00 zm=-3.97E-05 err=1.144E-04 dz= 6.903E-08 chigam= 0.00E+00
 it= 16 chi2=0.00E+00 zm=-3.96E-05 err=6.927E-05 dz= 4.771E-08 chigam= 0.00E+00

      ******************** EFITD129 x 129  output ********************

       data used:   
  0 flux loops
  0 magnetic probes(i)
  0 full rogowski
  0 diamagnetic loop


 shot #   =          1 time(ms) =          1 chi**2   =  0.000E+00
 betat(%) =      2.348 betap    =      1.783 li       =      0.640
 vol(cm3) =  0.186E+08 rout(cm) =    170.476 zout(cm) =     -0.025
 elong    =      1.985 utriang  =      0.609 ltriang  =      0.608
 a(cm)    =     56.935 lin(cm)  = ********** lout(cm) =      1.239
 ltop(cm) = ********** q*       =      9.970 rc(cm)   =    177.672
 zc(cm)   =     -0.030 bt0(t)   =      2.000 qout     =     10.543
