NCAPTC: : NetCDF: Variable not found
Warning: ieee_overflow is signaling
Warning: ieee_underflow is signaling
Warning: ieee_inexact is signaling
FORTRAN STOP
 solver
 /global/common/software/atom/perlmutter/data/greentable/
 /global/common/software/atom/perlmutter/data/greentable/

          EFITD Version  07/09/2014


 type mode (2=file, 3=snap, 4=time, 5=input, 6=com file, 7=snap_ext):

 number of time slices?

 type input file names:
 #
 table_dir = </global/common/software/atom/perlmutter/data/greentable/>

  ----- time =     1 ms ----- ( 0)
 it=  1 chi2=0.00E+00 zm=-1.18E-04 err=1.882E+00 dz=-1.175E-04 chigam= 0.00E+00
 it=  2 chi2=0.00E+00 zm=-1.17E-04 err=2.628E-01 dz= 7.929E-07 chigam= 0.00E+00
 it=  3 chi2=0.00E+00 zm=-8.15E-05 err=1.489E-01 dz= 3.530E-05 chigam= 0.00E+00
 it=  4 chi2=0.00E+00 zm=-5.88E-05 err=8.387E-02 dz= 2.269E-05 chigam= 0.00E+00
 it=  5 chi2=0.00E+00 zm=-4.81E-05 err=4.550E-02 dz= 1.066E-05 chigam= 0.00E+00
 it=  6 chi2=0.00E+00 zm=-4.48E-05 err=2.470E-02 dz= 3.329E-06 chigam= 0.00E+00
 it=  7 chi2=0.00E+00 zm=-3.85E-05 err=1.238E-02 dz= 6.237E-06 chigam= 0.00E+00
 it=  8 chi2=0.00E+00 zm=-3.78E-05 err=6.572E-03 dz= 7.338E-07 chigam= 0.00E+00
 it=  9 chi2=0.00E+00 zm=-4.23E-05 err=3.548E-03 dz=-4.471E-06 chigam= 0.00E+00
 it= 10 chi2=0.00E+00 zm=-4.19E-05 err=1.914E-03 dz= 3.844E-07 chigam= 0.00E+00
 it= 11 chi2=0.00E+00 zm=-4.13E-05 err=1.034E-03 dz= 5.408E-07 chigam= 0.00E+00
 it= 12 chi2=0.00E+00 zm=-4.10E-05 err=5.600E-04 dz= 3.021E-07 chigam= 0.00E+00
 it= 13 chi2=0.00E+00 zm=-4.09E-05 err=3.393E-04 dz= 1.678E-07 chigam= 0.00E+00
 it= 14 chi2=0.00E+00 zm=-4.08E-05 err=2.065E-04 dz= 8.714E-08 chigam= 0.00E+00
 it= 15 chi2=0.00E+00 zm=-4.07E-05 err=1.255E-04 dz= 5.522E-08 chigam= 0.00E+00
 it= 16 chi2=0.00E+00 zm=-4.07E-05 err=7.624E-05 dz= 3.934E-08 chigam= 0.00E+00

      ******************** EFITD129 x 129  output ********************

       data used:   
  0 flux loops
  0 magnetic probes(i)
  0 full rogowski
  0 diamagnetic loop


 shot #   =          1 time(ms) =          1 chi**2   =  0.000E+00
 betat(%) =      2.255 betap    =      1.712 li       =      0.633
 vol(cm3) =  0.186E+08 rout(cm) =    170.471 zout(cm) =     -0.039
 elong    =      1.985 utriang  =      0.609 ltriang  =      0.609
 a(cm)    =     56.933 lin(cm)  = ********** lout(cm) =      1.246
 ltop(cm) = ********** q*       =      9.834 rc(cm)   =    177.205
 zc(cm)   =     -0.030 bt0(t)   =      2.000 qout     =     10.522
