12Feb2026 12:36:09.42 [12] -openLog: PID=1700381 info_level=1
12Feb2026 12:36:09.42 [12] !c_setloglevel: info_level set to: 1
12Feb2026 12:36:09.42 [12] \Enter\ nubeam_step_child
12Feb2026 12:36:09.44 [12]   ! nbi_chunks_find_int: MAX_MPI_INT_BLOCK environment variable: undefined. use default  = 2000000
12Feb2026 12:36:09.44 [12]   ! nbi_chunks_find_r8: MAX_MPI_R8_BLOCK environment variable: undefined. use default  = 30000000
12Feb2026 12:36:09.71 [12]   !NBSTART: WARNING --
12Feb2026 12:36:09.71 [12]   !   stop time of previous timestep = 2.000000e-02
12Feb2026 12:36:09.71 [12]   !   start time of current timestep = 0.000000e+00
12Feb2026 12:36:11.44 [12]   !
12Feb2026 12:36:11.44 [12]   !IN NBSTART: myidd= 12
12Feb2026 12:36:11.44 [12]   !Total time in nbstart= 2.084099e-01
12Feb2026 12:36:11.44 [12]   !Total time for file read= 4.000003e-08
12Feb2026 12:36:11.44 [12]   !
12Feb2026 12:36:11.44 [12]   !IN DEPALL: myidd= 12
12Feb2026 12:36:11.44 [12]   !Total parallel processing time= 2.564919e-01
12Feb2026 12:36:11.44 [12]   !Total time for calculation= 1.384558e-01
12Feb2026 12:36:11.44 [12]   !Total time in depall/add_track= 1.751583e-01
12Feb2026 12:36:11.44 [12]   !Time for MPI dpt_gather= 0.000000e+00
12Feb2026 12:36:11.44 [12]   !Total time in depall= 3.949477e-01
12Feb2026 12:36:11.44 [12]   !
12Feb2026 12:36:11.44 [12]   !IN ORBALL: myidd= 12
12Feb2026 12:36:11.44 [12]   !Time for MPI BUF Reduce= 2.792146e-01
12Feb2026 12:36:11.44 [12]   !Time for calculation= 8.559172e-01
12Feb2026 12:36:11.44 [12]   !Total time in orball= 1.135132e+00
12Feb2026 12:36:11.44 [12]   !Total time in orball (using cptim)= 1.130851e+00
12Feb2026 12:36:11.44 [12]   !
12Feb2026 12:36:11.44 [12]   !IN NBSTART, DEPALL, ORBALL: myidd= 12
12Feb2026 12:36:11.44 [12]   !Total time = 1.738489e+00
12Feb2026 12:36:11.44 [12]   !
12Feb2026 12:36:11.45 [12] /Exit / nubeam_step_child
12Feb2026 12:36:11.81 [12] \Enter\ nbi_avg_bsource
