12Feb2026 12:36:09.41 [16] -openLog: PID=1700389 info_level=1
12Feb2026 12:36:09.41 [16] !c_setloglevel: info_level set to: 1
12Feb2026 12:36:09.41 [16] \Enter\ nubeam_step_child
12Feb2026 12:36:09.44 [16]   ! nbi_chunks_find_int: MAX_MPI_INT_BLOCK environment variable: undefined. use default  = 2000000
12Feb2026 12:36:09.44 [16]   ! nbi_chunks_find_r8: MAX_MPI_R8_BLOCK environment variable: undefined. use default  = 30000000
12Feb2026 12:36:09.75 [16]   !NBSTART: WARNING --
12Feb2026 12:36:09.75 [16]   !   stop time of previous timestep = 2.000000e-02
12Feb2026 12:36:09.75 [16]   !   start time of current timestep = 0.000000e+00
12Feb2026 12:36:11.44 [16]   !
12Feb2026 12:36:11.44 [16]   !IN NBSTART: myidd= 16
12Feb2026 12:36:11.44 [16]   !Total time in nbstart= 1.966107e-01
12Feb2026 12:36:11.44 [16]   !Total time for file read= 4.000003e-08
12Feb2026 12:36:11.44 [16]   !
12Feb2026 12:36:11.44 [16]   !IN DEPALL: myidd= 16
12Feb2026 12:36:11.44 [16]   !Total parallel processing time= 2.550882e-01
12Feb2026 12:36:11.44 [16]   !Total time for calculation= 1.154062e-01
12Feb2026 12:36:11.44 [16]   !Total time in depall/add_track= 1.676006e-01
12Feb2026 12:36:11.44 [16]   !Time for MPI dpt_gather= 0.000000e+00
12Feb2026 12:36:11.44 [16]   !Total time in depall= 3.704944e-01
12Feb2026 12:36:11.44 [16]   !
12Feb2026 12:36:11.44 [16]   !IN ORBALL: myidd= 16
12Feb2026 12:36:11.44 [16]   !Time for MPI BUF Reduce= 2.205563e-01
12Feb2026 12:36:11.44 [16]   !Time for calculation= 9.133858e-01
12Feb2026 12:36:11.44 [16]   !Total time in orball= 1.133942e+00
12Feb2026 12:36:11.44 [16]   !Total time in orball (using cptim)= 1.126517e+00
12Feb2026 12:36:11.44 [16]   !
12Feb2026 12:36:11.44 [16]   !IN NBSTART, DEPALL, ORBALL: myidd= 16
12Feb2026 12:36:11.44 [16]   !Total time = 1.701047e+00
12Feb2026 12:36:11.44 [16]   !
12Feb2026 12:36:11.45 [16] /Exit / nubeam_step_child
12Feb2026 12:36:11.81 [16] \Enter\ nbi_avg_bsource
