12Feb2026 12:36:09.42 [01] -openLog: PID=1700359 info_level=1
12Feb2026 12:36:09.42 [01] !c_setloglevel: info_level set to: 1
12Feb2026 12:36:09.42 [01] \Enter\ nubeam_step_child
12Feb2026 12:36:09.44 [01]   ! nbi_chunks_find_int: MAX_MPI_INT_BLOCK environment variable: undefined. use default  = 2000000
12Feb2026 12:36:09.44 [01]   ! nbi_chunks_find_r8: MAX_MPI_R8_BLOCK environment variable: undefined. use default  = 30000000
12Feb2026 12:36:09.72 [01]   !NBSTART: WARNING --
12Feb2026 12:36:09.72 [01]   !   stop time of previous timestep = 2.000000e-02
12Feb2026 12:36:09.72 [01]   !   start time of current timestep = 0.000000e+00
12Feb2026 12:36:11.44 [01]   !
12Feb2026 12:36:11.44 [01]   !IN NBSTART: myidd= 1
12Feb2026 12:36:11.44 [01]   !Total time in nbstart= 1.927330e-01
12Feb2026 12:36:11.44 [01]   !Total time for file read= 4.000003e-08
12Feb2026 12:36:11.44 [01]   !
12Feb2026 12:36:11.44 [01]   !IN DEPALL: myidd= 1
12Feb2026 12:36:11.44 [01]   !Total parallel processing time= 2.612844e-01
12Feb2026 12:36:11.44 [01]   !Total time for calculation= 1.359552e-01
12Feb2026 12:36:11.44 [01]   !Total time in depall/add_track= 1.721426e-01
12Feb2026 12:36:11.44 [01]   !Time for MPI dpt_gather= 0.000000e+00
12Feb2026 12:36:11.44 [01]   !Total time in depall= 3.972396e-01
12Feb2026 12:36:11.44 [01]   !
12Feb2026 12:36:11.44 [01]   !IN ORBALL: myidd= 1
12Feb2026 12:36:11.44 [01]   !Time for MPI BUF Reduce= 3.470559e-01
12Feb2026 12:36:11.44 [01]   !Time for calculation= 7.877378e-01
12Feb2026 12:36:11.44 [01]   !Total time in orball= 1.134794e+00
12Feb2026 12:36:11.44 [01]   !Total time in orball (using cptim)= 1.129604e+00
12Feb2026 12:36:11.44 [01]   !
12Feb2026 12:36:11.44 [01]   !IN NBSTART, DEPALL, ORBALL: myidd= 1
12Feb2026 12:36:11.44 [01]   !Total time = 1.724766e+00
12Feb2026 12:36:11.44 [01]   !
12Feb2026 12:36:11.45 [01] /Exit / nubeam_step_child
12Feb2026 12:36:11.81 [01] \Enter\ nbi_avg_bsource
