    02/12/26  12:34:23    nubeam INIT starting.
    02/12/26  12:34:23    nubeam INIT completed.
    02/12/26  12:35:15    nubeam STEP starting.
    02/12/26  12:35:15     ...start step 1 dt=2.0000E-02
    02/12/26  12:35:17     ...start step 2 dt=2.0000E-02
    02/12/26  12:35:19     ...start step 3 dt=2.0000E-02
    02/12/26  12:35:21     ...start step 4 dt=2.0000E-02
    02/12/26  12:35:23     ...start step 5 dt=2.0000E-02
    02/12/26  12:35:25     ...start step 6 dt=2.0000E-02
    02/12/26  12:35:27     ...start step 7 dt=2.0000E-02
    02/12/26  12:35:29     ...start step 8 dt=2.0000E-02
    02/12/26  12:35:31     ...start step 9 dt=2.0000E-02
    02/12/26  12:35:34     ...start step 10 dt=2.0000E-02
    02/12/26  12:35:36    nubeam STEP completed.
    02/12/26  12:35:37    nubeam STEP starting.
    02/12/26  12:35:37     ...start step 1 dt=2.0000E-02
    02/12/26  12:35:39    nubeam STEP completed.
    02/12/26  12:35:40    nubeam STEP starting.
    02/12/26  12:35:40     ...start step 1 dt=2.0000E-02
    02/12/26  12:35:43    nubeam STEP completed.
    02/12/26  12:35:44    nubeam STEP starting.
    02/12/26  12:35:44     ...start step 1 dt=2.0000E-02
    02/12/26  12:35:47    nubeam STEP completed.
    02/12/26  12:35:47    nubeam STEP starting.
    02/12/26  12:35:48     ...start step 1 dt=2.0000E-02
    02/12/26  12:35:50    nubeam STEP completed.
    02/12/26  12:35:51    nubeam STEP starting.
    02/12/26  12:35:51     ...start step 1 dt=2.0000E-02
    02/12/26  12:35:54    nubeam STEP completed.
    02/12/26  12:35:54    nubeam STEP starting.
    02/12/26  12:35:55     ...start step 1 dt=2.0000E-02
    02/12/26  12:35:57    nubeam STEP completed.
    02/12/26  12:35:58    nubeam STEP starting.
    02/12/26  12:35:58     ...start step 1 dt=2.0000E-02
    02/12/26  12:36:01    nubeam STEP completed.
    02/12/26  12:36:02    nubeam STEP starting.
    02/12/26  12:36:02     ...start step 1 dt=2.0000E-02
    02/12/26  12:36:04    nubeam STEP completed.
    02/12/26  12:36:05    nubeam STEP starting.
    02/12/26  12:36:05     ...start step 1 dt=2.0000E-02
    02/12/26  12:36:08    nubeam STEP completed.
    02/12/26  12:36:09    nubeam STEP starting.
    02/12/26  12:36:09     ...start step 1 dt=2.0000E-02
    02/12/26  12:36:12    nubeam STEP completed.
