12Feb2026 12:36:09.42 [18] -openLog: PID=1700393 info_level=1
12Feb2026 12:36:09.42 [18] !c_setloglevel: info_level set to: 1
12Feb2026 12:36:09.42 [18] \Enter\ nubeam_step_child
12Feb2026 12:36:09.44 [18]   ! nbi_chunks_find_int: MAX_MPI_INT_BLOCK environment variable: undefined. use default  = 2000000
12Feb2026 12:36:09.44 [18]   ! nbi_chunks_find_r8: MAX_MPI_R8_BLOCK environment variable: undefined. use default  = 30000000
12Feb2026 12:36:09.74 [18]   !NBSTART: WARNING --
12Feb2026 12:36:09.74 [18]   !   stop time of previous timestep = 2.000000e-02
12Feb2026 12:36:09.74 [18]   !   start time of current timestep = 0.000000e+00
12Feb2026 12:36:11.44 [18]   !
12Feb2026 12:36:11.44 [18]   !IN NBSTART: myidd= 18
12Feb2026 12:36:11.44 [18]   !Total time in nbstart= 2.036444e-01
12Feb2026 12:36:11.44 [18]   !Total time for file read= 4.000003e-08
12Feb2026 12:36:11.44 [18]   !
12Feb2026 12:36:11.44 [18]   !IN DEPALL: myidd= 18
12Feb2026 12:36:11.44 [18]   !Total parallel processing time= 2.713518e-01
12Feb2026 12:36:11.44 [18]   !Total time for calculation= 9.862280e-02
12Feb2026 12:36:11.44 [18]   !Total time in depall/add_track= 1.680594e-01
12Feb2026 12:36:11.44 [18]   !Time for MPI dpt_gather= 0.000000e+00
12Feb2026 12:36:11.44 [18]   !Total time in depall= 3.699746e-01
12Feb2026 12:36:11.44 [18]   !
12Feb2026 12:36:11.44 [18]   !IN ORBALL: myidd= 18
12Feb2026 12:36:11.44 [18]   !Time for MPI BUF Reduce= 2.698788e-01
12Feb2026 12:36:11.44 [18]   !Time for calculation= 8.648382e-01
12Feb2026 12:36:11.44 [18]   !Total time in orball= 1.134717e+00
12Feb2026 12:36:11.44 [18]   !Total time in orball (using cptim)= 1.129122e+00
12Feb2026 12:36:11.44 [18]   !
12Feb2026 12:36:11.44 [18]   !IN NBSTART, DEPALL, ORBALL: myidd= 18
12Feb2026 12:36:11.44 [18]   !Total time = 1.708336e+00
12Feb2026 12:36:11.44 [18]   !
12Feb2026 12:36:11.45 [18] /Exit / nubeam_step_child
12Feb2026 12:36:11.81 [18] \Enter\ nbi_avg_bsource
