12Feb2026 12:36:09.41 [05] -openLog: PID=1700367 info_level=1
12Feb2026 12:36:09.41 [05] !c_setloglevel: info_level set to: 1
12Feb2026 12:36:09.41 [05] \Enter\ nubeam_step_child
12Feb2026 12:36:09.44 [05]   ! nbi_chunks_find_int: MAX_MPI_INT_BLOCK environment variable: undefined. use default  = 2000000
12Feb2026 12:36:09.44 [05]   ! nbi_chunks_find_r8: MAX_MPI_R8_BLOCK environment variable: undefined. use default  = 30000000
12Feb2026 12:36:09.71 [05]   !NBSTART: WARNING --
12Feb2026 12:36:09.71 [05]   !   stop time of previous timestep = 2.000000e-02
12Feb2026 12:36:09.71 [05]   !   start time of current timestep = 0.000000e+00
12Feb2026 12:36:11.44 [05]   !
12Feb2026 12:36:11.44 [05]   !IN NBSTART: myidd= 5
12Feb2026 12:36:11.44 [05]   !Total time in nbstart= 1.980511e-01
12Feb2026 12:36:11.44 [05]   !Total time for file read= 4.000003e-08
12Feb2026 12:36:11.44 [05]   !
12Feb2026 12:36:11.44 [05]   !IN DEPALL: myidd= 5
12Feb2026 12:36:11.44 [05]   !Total parallel processing time= 2.608804e-01
12Feb2026 12:36:11.44 [05]   !Total time for calculation= 1.433511e-01
12Feb2026 12:36:11.44 [05]   !Total time in depall/add_track= 1.665353e-01
12Feb2026 12:36:11.44 [05]   !Time for MPI dpt_gather= 0.000000e+00
12Feb2026 12:36:11.44 [05]   !Total time in depall= 4.042315e-01
12Feb2026 12:36:11.44 [05]   !
12Feb2026 12:36:11.44 [05]   !IN ORBALL: myidd= 5
12Feb2026 12:36:11.44 [05]   !Time for MPI BUF Reduce= 3.793959e-01
12Feb2026 12:36:11.44 [05]   !Time for calculation= 7.551336e-01
12Feb2026 12:36:11.44 [05]   !Total time in orball= 1.134530e+00
12Feb2026 12:36:11.44 [05]   !Total time in orball (using cptim)= 1.128701e+00
12Feb2026 12:36:11.44 [05]   !
12Feb2026 12:36:11.44 [05]   !IN NBSTART, DEPALL, ORBALL: myidd= 5
12Feb2026 12:36:11.44 [05]   !Total time = 1.736812e+00
12Feb2026 12:36:11.44 [05]   !
12Feb2026 12:36:11.45 [05] /Exit / nubeam_step_child
12Feb2026 12:36:11.81 [05] \Enter\ nbi_avg_bsource
