12Feb2026 12:36:09.42 [14] -openLog: PID=1700385 info_level=1
12Feb2026 12:36:09.42 [14] !c_setloglevel: info_level set to: 1
12Feb2026 12:36:09.42 [14] \Enter\ nubeam_step_child
12Feb2026 12:36:09.44 [14]   ! nbi_chunks_find_int: MAX_MPI_INT_BLOCK environment variable: undefined. use default  = 2000000
12Feb2026 12:36:09.44 [14]   ! nbi_chunks_find_r8: MAX_MPI_R8_BLOCK environment variable: undefined. use default  = 30000000
12Feb2026 12:36:09.70 [14]   !NBSTART: WARNING --
12Feb2026 12:36:09.70 [14]   !   stop time of previous timestep = 2.000000e-02
12Feb2026 12:36:09.70 [14]   !   start time of current timestep = 0.000000e+00
12Feb2026 12:36:11.44 [14]   !
12Feb2026 12:36:11.44 [14]   !IN NBSTART: myidd= 14
12Feb2026 12:36:11.44 [14]   !Total time in nbstart= 2.135813e-01
12Feb2026 12:36:11.44 [14]   !Total time for file read= 3.099967e-08
12Feb2026 12:36:11.44 [14]   !
12Feb2026 12:36:11.44 [14]   !IN DEPALL: myidd= 14
12Feb2026 12:36:11.44 [14]   !Total parallel processing time= 2.643628e-01
12Feb2026 12:36:11.44 [14]   !Total time for calculation= 1.321654e-01
12Feb2026 12:36:11.44 [14]   !Total time in depall/add_track= 1.686866e-01
12Feb2026 12:36:11.44 [14]   !Time for MPI dpt_gather= 0.000000e+00
12Feb2026 12:36:11.44 [14]   !Total time in depall= 3.965282e-01
12Feb2026 12:36:11.44 [14]   !
12Feb2026 12:36:11.44 [14]   !IN ORBALL: myidd= 14
12Feb2026 12:36:11.44 [14]   !Time for MPI BUF Reduce= 2.192978e-01
12Feb2026 12:36:11.44 [14]   !Time for calculation= 9.142505e-01
12Feb2026 12:36:11.44 [14]   !Total time in orball= 1.133548e+00
12Feb2026 12:36:11.44 [14]   !Total time in orball (using cptim)= 1.130835e+00
12Feb2026 12:36:11.44 [14]   !
12Feb2026 12:36:11.44 [14]   !IN NBSTART, DEPALL, ORBALL: myidd= 14
12Feb2026 12:36:11.44 [14]   !Total time = 1.743658e+00
12Feb2026 12:36:11.44 [14]   !
12Feb2026 12:36:11.45 [14] /Exit / nubeam_step_child
12Feb2026 12:36:11.81 [14] \Enter\ nbi_avg_bsource
