12Feb2026 12:36:09.42 [02] -openLog: PID=1700361 info_level=1
12Feb2026 12:36:09.42 [02] !c_setloglevel: info_level set to: 1
12Feb2026 12:36:09.42 [02] \Enter\ nubeam_step_child
12Feb2026 12:36:09.44 [02]   ! nbi_chunks_find_int: MAX_MPI_INT_BLOCK environment variable: undefined. use default  = 2000000
12Feb2026 12:36:09.44 [02]   ! nbi_chunks_find_r8: MAX_MPI_R8_BLOCK environment variable: undefined. use default  = 30000000
12Feb2026 12:36:09.73 [02]   !NBSTART: WARNING --
12Feb2026 12:36:09.73 [02]   !   stop time of previous timestep = 2.000000e-02
12Feb2026 12:36:09.73 [02]   !   start time of current timestep = 0.000000e+00
12Feb2026 12:36:11.44 [02]   !
12Feb2026 12:36:11.44 [02]   !IN NBSTART: myidd= 2
12Feb2026 12:36:11.44 [02]   !Total time in nbstart= 2.123156e-01
12Feb2026 12:36:11.44 [02]   !Total time for file read= 2.999968e-08
12Feb2026 12:36:11.44 [02]   !
12Feb2026 12:36:11.44 [02]   !IN DEPALL: myidd= 2
12Feb2026 12:36:11.44 [02]   !Total parallel processing time= 2.616595e-01
12Feb2026 12:36:11.44 [02]   !Total time for calculation= 1.097292e-01
12Feb2026 12:36:11.44 [02]   !Total time in depall/add_track= 1.747987e-01
12Feb2026 12:36:11.44 [02]   !Time for MPI dpt_gather= 0.000000e+00
12Feb2026 12:36:11.44 [02]   !Total time in depall= 3.713887e-01
12Feb2026 12:36:11.44 [02]   !
12Feb2026 12:36:11.44 [02]   !IN ORBALL: myidd= 2
12Feb2026 12:36:11.44 [02]   !Time for MPI BUF Reduce= 4.095793e-01
12Feb2026 12:36:11.44 [02]   !Time for calculation= 7.243494e-01
12Feb2026 12:36:11.44 [02]   !Total time in orball= 1.133929e+00
12Feb2026 12:36:11.44 [02]   !Total time in orball (using cptim)= 1.125381e+00
12Feb2026 12:36:11.44 [02]   !
12Feb2026 12:36:11.44 [02]   !IN NBSTART, DEPALL, ORBALL: myidd= 2
12Feb2026 12:36:11.44 [02]   !Total time = 1.717633e+00
12Feb2026 12:36:11.44 [02]   !
12Feb2026 12:36:11.45 [02] /Exit / nubeam_step_child
12Feb2026 12:36:11.81 [02] \Enter\ nbi_avg_bsource
