12Feb2026 12:36:09.42 [17] -openLog: PID=1700391 info_level=1
12Feb2026 12:36:09.42 [17] !c_setloglevel: info_level set to: 1
12Feb2026 12:36:09.42 [17] \Enter\ nubeam_step_child
12Feb2026 12:36:09.44 [17]   ! nbi_chunks_find_int: MAX_MPI_INT_BLOCK environment variable: undefined. use default  = 2000000
12Feb2026 12:36:09.44 [17]   ! nbi_chunks_find_r8: MAX_MPI_R8_BLOCK environment variable: undefined. use default  = 30000000
12Feb2026 12:36:09.73 [17]   !NBSTART: WARNING --
12Feb2026 12:36:09.73 [17]   !   stop time of previous timestep = 2.000000e-02
12Feb2026 12:36:09.73 [17]   !   start time of current timestep = 0.000000e+00
12Feb2026 12:36:11.44 [17]   !
12Feb2026 12:36:11.44 [17]   !IN NBSTART: myidd= 17
12Feb2026 12:36:11.44 [17]   !Total time in nbstart= 1.876695e-01
12Feb2026 12:36:11.44 [17]   !Total time for file read= 4.000003e-08
12Feb2026 12:36:11.44 [17]   !
12Feb2026 12:36:11.44 [17]   !IN DEPALL: myidd= 17
12Feb2026 12:36:11.44 [17]   !Total parallel processing time= 2.505805e-01
12Feb2026 12:36:11.44 [17]   !Total time for calculation= 1.401108e-01
12Feb2026 12:36:11.44 [17]   !Total time in depall/add_track= 1.623267e-01
12Feb2026 12:36:11.44 [17]   !Time for MPI dpt_gather= 0.000000e+00
12Feb2026 12:36:11.44 [17]   !Total time in depall= 3.906913e-01
12Feb2026 12:36:11.44 [17]   !
12Feb2026 12:36:11.44 [17]   !IN ORBALL: myidd= 17
12Feb2026 12:36:11.44 [17]   !Time for MPI BUF Reduce= 4.208155e-01
12Feb2026 12:36:11.44 [17]   !Time for calculation= 7.137163e-01
12Feb2026 12:36:11.44 [17]   !Total time in orball= 1.134532e+00
12Feb2026 12:36:11.44 [17]   !Total time in orball (using cptim)= 1.128853e+00
12Feb2026 12:36:11.44 [17]   !
12Feb2026 12:36:11.44 [17]   !IN NBSTART, DEPALL, ORBALL: myidd= 17
12Feb2026 12:36:11.44 [17]   !Total time = 1.712893e+00
12Feb2026 12:36:11.44 [17]   !
12Feb2026 12:36:11.45 [17] /Exit / nubeam_step_child
12Feb2026 12:36:11.81 [17] \Enter\ nbi_avg_bsource
