========================================================================
= FASTRAN

nonlinear model = 1
ichi = 0
ineo = 0
reading state...
read formatted input, inprof...
init geometry...
read formatted input, inmetric...
nrho in inmetric = 101
rhob in inmetric = 1.832249e+00
solve avg grad-shafranv...
solve_avg_gs::Ip_temp = 8.096925e+00 
solve_avg_gs::Ip      = 8.100000e+00 
>>> tau_he = 5.000000, nhe(0)=1.310209e+00

 plasma volume = 242.135661
 stored energy(e,i,b) = 8.764597e+01 7.246202e+01 0.000000e+00
 betan = 2.598789
*power
 Pnb(e,i) = 0.000000e+00 0.000000e+00
 Prf(e,i) = 2.999997e+01 7.999993e+00
 Prad     = -1.885579e+01 
 Pei      = -3.811200e+01 
 Pfuse    = 5.484740e+01 
 Pfusi    = 1.556543e+01 
 Poh      = 0.000000e+00 
*confinement time
 taut, tauITER98y2, H98y2 : 1.787777e+00 1.372569e+00 1.302505e+00
 taue, taui : 3.143733e+00 1.349953e+00
 taut, tau89, H89 : 1.787777e+00 6.140648e-01 2.911382e+00
*temperature
 nea, nebar : 1.885104e+01 2.122189e+01 
 tea, tia : 7.119623e+00 6.488922e+00 (1.097197e+00)
 te0, ti0 : 1.600713e+01 1.390672e+01 (1.151036e+00)
 Sn : 0.000000e+00 
*current balance
 Ip,Ibs,Inb,Irf: 8.100000e+00 5.898882e+00 0.000000e+00 0.000000e+00
 fni,fbs: 0.728 0.728

 plasma volume = 242.135661
 stored energy(e,i,b) = 8.764597e+01 7.246202e+01 0.000000e+00
 betan = 2.598789
*power
 Pnb(e,i) = 0.000000e+00 0.000000e+00
 Prf(e,i) = 2.999997e+01 7.999993e+00
 Prad     = -1.885579e+01 
 Pei      = -3.811200e+01 
 Pfuse    = 5.484740e+01 
 Pfusi    = 1.556543e+01 
 Poh      = 0.000000e+00 
*confinement time
 taut, tauITER98y2, H98y2 : 1.787777e+00 1.372569e+00 1.302505e+00
 taue, taui : 3.143733e+00 1.349953e+00
 taut, tau89, H89 : 1.787777e+00 6.140648e-01 2.911382e+00
*temperature
 nea, nebar : 1.885104e+01 2.122189e+01 
 tea, tia : 7.119623e+00 6.488922e+00 (1.097197e+00)
 te0, ti0 : 1.600713e+01 1.390672e+01 (1.151036e+00)
 Sn : 0.000000e+00 
*current balance
 Ip,Ibs,Inb,Irf: 8.100000e+00 5.898882e+00 0.000000e+00 0.000000e+00
 fni,fbs: 0.728 0.728
 ELAPASED TIME = 0 sec
