NCAPTC: : NetCDF: Variable not found
Warning: ieee_overflow is signaling
Warning: ieee_underflow is signaling
Warning: ieee_inexact is signaling
FORTRAN STOP
 solver
 /global/common/software/atom/perlmutter/data/greentable/
 /global/common/software/atom/perlmutter/data/greentable/

          EFITD Version  07/09/2014


 type mode (2=file, 3=snap, 4=time, 5=input, 6=com file, 7=snap_ext):

 number of time slices?

 type input file names:
 #
 table_dir = </global/common/software/atom/perlmutter/data/greentable/>

  ----- time =     1 ms ----- ( 0)
 it=  1 chi2=0.00E+00 zm=-5.21E-05 err=5.431E+00 dz=-5.212E-05 chigam= 0.00E+00
 it=  2 chi2=0.00E+00 zm=-1.05E-04 err=8.038E-01 dz=-5.318E-05 chigam= 0.00E+00
 it=  3 chi2=0.00E+00 zm=-1.41E-04 err=4.223E-01 dz=-3.558E-05 chigam= 0.00E+00
 it=  4 chi2=0.00E+00 zm=-1.66E-04 err=2.242E-01 dz=-2.512E-05 chigam= 0.00E+00
 it=  5 chi2=0.00E+00 zm=-1.85E-04 err=1.211E-01 dz=-1.930E-05 chigam= 0.00E+00
 it=  6 chi2=0.00E+00 zm=-1.97E-04 err=6.553E-02 dz=-1.220E-05 chigam= 0.00E+00
 it=  7 chi2=0.00E+00 zm=-2.06E-04 err=3.657E-02 dz=-8.587E-06 chigam= 0.00E+00
 it=  8 chi2=0.00E+00 zm=-2.12E-04 err=2.067E-02 dz=-6.023E-06 chigam= 0.00E+00
 it=  9 chi2=0.00E+00 zm=-2.16E-04 err=1.183E-02 dz=-4.196E-06 chigam= 0.00E+00
 it= 10 chi2=0.00E+00 zm=-2.19E-04 err=6.861E-03 dz=-2.903E-06 chigam= 0.00E+00
 it= 11 chi2=0.00E+00 zm=-2.21E-04 err=4.028E-03 dz=-1.992E-06 chigam= 0.00E+00
 it= 12 chi2=0.00E+00 zm=-2.23E-04 err=2.393E-03 dz=-1.358E-06 chigam= 0.00E+00
 it= 13 chi2=0.00E+00 zm=-2.23E-04 err=1.457E-03 dz=-9.186E-07 chigam= 0.00E+00
 it= 14 chi2=0.00E+00 zm=-2.24E-04 err=1.014E-03 dz=-6.177E-07 chigam= 0.00E+00
 it= 15 chi2=0.00E+00 zm=-2.25E-04 err=6.977E-04 dz=-4.125E-07 chigam= 0.00E+00
 it= 16 chi2=0.00E+00 zm=-2.25E-04 err=4.760E-04 dz=-2.734E-07 chigam= 0.00E+00
 it= 17 chi2=0.00E+00 zm=-2.25E-04 err=3.226E-04 dz=-1.794E-07 chigam= 0.00E+00
 it= 18 chi2=0.00E+00 zm=-2.25E-04 err=2.174E-04 dz=-1.176E-07 chigam= 0.00E+00
 it= 19 chi2=0.00E+00 zm=-2.25E-04 err=1.459E-04 dz=-7.775E-08 chigam= 0.00E+00
 it= 20 chi2=0.00E+00 zm=-2.25E-04 err=9.753E-05 dz=-4.960E-08 chigam= 0.00E+00

      ******************** EFITD129 x 129  output ********************

       data used:   
  0 flux loops
  0 magnetic probes(i)
  0 full rogowski
  0 diamagnetic loop


 shot #   =          1 time(ms) =          1 chi**2   =  0.000E+00
 betat(%) =      1.676 betap    =      1.541 li       =      1.070
 vol(cm3) =  0.967E+07 rout(cm) =    170.190 zout(cm) =     -0.189
 elong    =      1.648 utriang  =      0.774 ltriang  =      0.772
 a(cm)    =     44.283 lin(cm)  = ********** lout(cm) =      4.647
 ltop(cm) = ********** q*       =      5.971 rc(cm)   =    173.006
 zc(cm)   =     -0.059 bt0(t)   =      2.000 qout     =     10.678
