NCAPTC: : NetCDF: Variable not found
Warning: ieee_overflow is signaling
Warning: ieee_underflow is signaling
Warning: ieee_inexact is signaling
FORTRAN STOP
 solver
 /global/common/software/atom/perlmutter/data/greentable/
 /global/common/software/atom/perlmutter/data/greentable/

          EFITD Version  07/09/2014


 type mode (2=file, 3=snap, 4=time, 5=input, 6=com file, 7=snap_ext):

 number of time slices?

 type input file names:
 #
 table_dir = </global/common/software/atom/perlmutter/data/greentable/>

  ----- time =     1 ms ----- ( 0)
 it=  1 chi2=0.00E+00 zm=-1.18E-04 err=1.882E+00 dz=-1.175E-04 chigam= 0.00E+00
 it=  2 chi2=0.00E+00 zm=-1.16E-04 err=2.621E-01 dz= 1.478E-06 chigam= 0.00E+00
 it=  3 chi2=0.00E+00 zm=-7.96E-05 err=1.489E-01 dz= 3.642E-05 chigam= 0.00E+00
 it=  4 chi2=0.00E+00 zm=-5.74E-05 err=8.403E-02 dz= 2.224E-05 chigam= 0.00E+00
 it=  5 chi2=0.00E+00 zm=-4.71E-05 err=4.566E-02 dz= 1.028E-05 chigam= 0.00E+00
 it=  6 chi2=0.00E+00 zm=-4.40E-05 err=2.482E-02 dz= 3.094E-06 chigam= 0.00E+00
 it=  7 chi2=0.00E+00 zm=-3.79E-05 err=1.245E-02 dz= 6.162E-06 chigam= 0.00E+00
 it=  8 chi2=0.00E+00 zm=-3.72E-05 err=6.613E-03 dz= 6.212E-07 chigam= 0.00E+00
 it=  9 chi2=0.00E+00 zm=-4.18E-05 err=3.571E-03 dz=-4.570E-06 chigam= 0.00E+00
 it= 10 chi2=0.00E+00 zm=-4.14E-05 err=1.929E-03 dz= 4.437E-07 chigam= 0.00E+00
 it= 11 chi2=0.00E+00 zm=-4.08E-05 err=1.043E-03 dz= 5.470E-07 chigam= 0.00E+00
 it= 12 chi2=0.00E+00 zm=-4.05E-05 err=5.657E-04 dz= 3.122E-07 chigam= 0.00E+00
 it= 13 chi2=0.00E+00 zm=-4.04E-05 err=3.381E-04 dz= 1.544E-07 chigam= 0.00E+00
 it= 14 chi2=0.00E+00 zm=-4.03E-05 err=2.057E-04 dz= 9.057E-08 chigam= 0.00E+00
 it= 15 chi2=0.00E+00 zm=-4.02E-05 err=1.250E-04 dz= 5.036E-08 chigam= 0.00E+00
 it= 16 chi2=0.00E+00 zm=-4.02E-05 err=7.589E-05 dz= 3.401E-08 chigam= 0.00E+00

      ******************** EFITD129 x 129  output ********************

       data used:   
  0 flux loops
  0 magnetic probes(i)
  0 full rogowski
  0 diamagnetic loop


 shot #   =          1 time(ms) =          1 chi**2   =  0.000E+00
 betat(%) =      2.270 betap    =      1.723 li       =      0.633
 vol(cm3) =  0.186E+08 rout(cm) =    170.471 zout(cm) =     -0.039
 elong    =      1.985 utriang  =      0.609 ltriang  =      0.609
 a(cm)    =     56.933 lin(cm)  = ********** lout(cm) =      1.245
 ltop(cm) = ********** q*       =      9.853 rc(cm)   =    177.282
 zc(cm)   =     -0.030 bt0(t)   =      2.000 qout     =     10.524
