 INPUTS
 --------------------------------------------------------------
 n_rho_grid=          101
 beta_N_ped=   0.5000000000000000     
 n14_ped=   0.9000000000000000       10**14 1/cm**3
 I_p=    1.020000000000000       MA
 B_t=    1.540000000000000       Tesla
 Rmaj0=    1.670000000000000       meters
 delR0oa=   0.1500000000000000     
 rmin=    1.339098300000000       meters
 kappa_1=    1.750000000000000     
 kappa_0=    1.000000000000000     
 delta_1=   0.2000000000000000     
 delta_0=    0.000000000000000     
 q_1=    3.800000000000000     
 q_0=    1.000000000000000     
 rho_q=   0.5000000000000000     
 epa_q=   0.1000000000000000     
 Zeff=    1.000000000000000     
 M_i1=    2.000000000000000     
 Q_i1=    1.000000000000000     
 M_i2=    3.000000000000000     
 Q_i2=    1.000000000000000     
 f_i1=   0.5000000000000000     
 M_DT=    2.500000000000000     
 M_beam=    4.000000000000000     
 Q_beam=    2.000000000000000     
 E_alpha=    3.500000000000000       meV
 Fpeak_T=    3.000000000000000     
 Fpeak_n=    1.100000000000000     
 Fpeak_ei=    1.100000000000000     
use_T_equiv=0
NBI_flag=1
 --------------------------------------------------------------
 OUTPUTS
 --------------------------------------------------------------
 --------------------------------------------------------------
 OUTPUT profiles versus rho_hat for plotting
 --------------------------------------------------------------
 rho_hat grid
 0.0000000E+00
 1.0000000E-02
 2.0000000E-02
 3.0000000E-02
 4.0000000E-02
 5.0000000E-02
 6.0000000E-02
 7.0000000E-02
 8.0000000E-02
 9.0000000E-02
 1.0000000E-01
 1.1000000E-01
 1.2000000E-01
 1.3000000E-01
 1.4000000E-01
 1.5000000E-01
 1.6000000E-01
 1.7000000E-01
 1.8000000E-01
 1.9000000E-01
 2.0000000E-01
 2.1000000E-01
 2.2000000E-01
 2.3000000E-01
 2.4000000E-01
 2.5000000E-01
 2.6000000E-01
 2.7000000E-01
 2.8000000E-01
 2.9000000E-01
 3.0000000E-01
 3.1000000E-01
 3.2000000E-01
 3.3000000E-01
 3.4000000E-01
 3.5000000E-01
 3.6000000E-01
 3.7000000E-01
 3.8000000E-01
 3.9000000E-01
 4.0000000E-01
 4.1000000E-01
 4.2000000E-01
 4.3000000E-01
 4.4000000E-01
 4.5000000E-01
 4.6000000E-01
 4.7000000E-01
 4.8000000E-01
 4.9000000E-01
 5.0000000E-01
 5.1000000E-01
 5.2000000E-01
 5.3000000E-01
 5.4000000E-01
 5.5000000E-01
 5.6000000E-01
 5.7000000E-01
 5.8000000E-01
 5.9000000E-01
 6.0000000E-01
 6.1000000E-01
 6.2000000E-01
 6.3000000E-01
 6.4000000E-01
 6.5000000E-01
 6.6000000E-01
 6.7000000E-01
 6.8000000E-01
 6.9000000E-01
 7.0000000E-01
 7.1000000E-01
 7.2000000E-01
 7.3000000E-01
 7.4000000E-01
 7.5000000E-01
 7.6000000E-01
 7.7000000E-01
 7.8000000E-01
 7.9000000E-01
 8.0000000E-01
 8.1000000E-01
 8.2000000E-01
 8.3000000E-01
 8.4000000E-01
 8.5000000E-01
 8.6000000E-01
 8.7000000E-01
 8.8000000E-01
 8.9000000E-01
 9.0000000E-01
 9.1000000E-01
 9.2000000E-01
 9.3000000E-01
 9.4000000E-01
 9.5000000E-01
 9.6000000E-01
 9.7000000E-01
 9.8000000E-01
 9.9000000E-01
 1.0000000E+00
 --------------------------------------------------------------
 plasma profile
 --------------------------------------------------------------
 ion temperature in keV
 1.3771749E+01
 1.3771749E+01
 1.3722953E+01
 1.3670179E+01
 1.3613512E+01
 1.3553040E+01
 1.3488847E+01
 1.3421021E+01
 1.3349647E+01
 1.3274812E+01
 1.3196602E+01
 1.3115103E+01
 1.3030401E+01
 1.2942583E+01
 1.2851734E+01
 1.2757942E+01
 1.2661291E+01
 1.2561869E+01
 1.2459761E+01
 1.2355054E+01
 1.2247834E+01
 1.2138187E+01
 1.2026199E+01
 1.1911957E+01
 1.1795546E+01
 1.1677053E+01
 1.1556565E+01
 1.1434167E+01
 1.1309945E+01
 1.1183986E+01
 1.1056376E+01
 1.0927201E+01
 1.0796547E+01
 1.0664501E+01
 1.0531149E+01
 1.0396576E+01
 1.0260870E+01
 1.0124116E+01
 9.9864003E+00
 9.8478095E+00
 9.7084297E+00
 9.5683470E+00
 9.4276476E+00
 9.2864178E+00
 9.1447437E+00
 9.0027116E+00
 8.8604076E+00
 8.7179179E+00
 8.5753288E+00
 8.4327264E+00
 8.2901970E+00
 8.1478267E+00
 8.0057018E+00
 7.8639084E+00
 7.7225327E+00
 7.5816610E+00
 7.4413795E+00
 7.3017743E+00
 7.1629316E+00
 7.0249377E+00
 6.8878786E+00
 6.7518407E+00
 6.6169100E+00
 6.4831726E+00
 6.3507147E+00
 6.2196222E+00
 6.0899812E+00
 5.9618772E+00
 5.8353959E+00
 5.7106224E+00
 5.5876411E+00
 5.4665357E+00
 5.3473882E+00
 5.2302783E+00
 5.1152821E+00
 5.0024702E+00
 4.8919039E+00
 4.7836311E+00
 4.6776777E+00
 4.5740359E+00
 4.4726448E+00
 4.3733609E+00
 4.2759118E+00
 4.1798246E+00
 4.0843155E+00
 3.9881223E+00
 3.8892543E+00
 3.7846316E+00
 3.6695961E+00
 3.5373210E+00
 3.3782766E+00
 3.1801879E+00
 2.9293624E+00
 2.6145900E+00
 2.2340917E+00
 1.8030298E+00
 1.3551576E+00
 9.3329932E-01
 5.7289503E-01
 2.9057899E-01
 8.4393685E-02
 --------------------------------------------------------------
 electron temperature in keV
 1.5864111E+01
 1.5864111E+01
 1.5805140E+01
 1.5741355E+01
 1.5672860E+01
 1.5599759E+01
 1.5522157E+01
 1.5440158E+01
 1.5353866E+01
 1.5263386E+01
 1.5168822E+01
 1.5070279E+01
 1.4967860E+01
 1.4861670E+01
 1.4751813E+01
 1.4638394E+01
 1.4521517E+01
 1.4401287E+01
 1.4277807E+01
 1.4151182E+01
 1.4021517E+01
 1.3888915E+01
 1.3753481E+01
 1.3615319E+01
 1.3474534E+01
 1.3331231E+01
 1.3185512E+01
 1.3037483E+01
 1.2887248E+01
 1.2734911E+01
 1.2580578E+01
 1.2424351E+01
 1.2266335E+01
 1.2106635E+01
 1.1945355E+01
 1.1782599E+01
 1.1618472E+01
 1.1453077E+01
 1.1286520E+01
 1.1118905E+01
 1.0950336E+01
 1.0780917E+01
 1.0610752E+01
 1.0439947E+01
 1.0268604E+01
 1.0096830E+01
 9.9247268E+00
 9.7524003E+00
 9.5799544E+00
 9.4074934E+00
 9.2351217E+00
 9.0629435E+00
 8.8910633E+00
 8.7195853E+00
 8.5486139E+00
 8.3782533E+00
 8.2086081E+00
 8.0397823E+00
 7.8718805E+00
 7.7050068E+00
 7.5392657E+00
 7.3747614E+00
 7.2115982E+00
 7.0498805E+00
 6.8897124E+00
 6.7311981E+00
 6.5744418E+00
 6.4195474E+00
 6.2666188E+00
 6.1157594E+00
 5.9670722E+00
 5.8206596E+00
 5.6766225E+00
 5.5350601E+00
 5.3960686E+00
 5.2597393E+00
 5.1261565E+00
 4.9953925E+00
 4.8675012E+00
 4.7425076E+00
 4.6203910E+00
 4.5010587E+00
 4.3843046E+00
 4.2697450E+00
 4.1567173E+00
 4.0441260E+00
 3.9302068E+00
 3.8121818E+00
 3.6857761E+00
 3.5446079E+00
 3.3795744E+00
 3.1786280E+00
 2.9278050E+00
 2.6148338E+00
 2.2361586E+00
 1.8052866E+00
 1.3556965E+00
 9.3165648E-01
 5.7050424E-01
 2.8971676E-01
 8.6880528E-02
 --------------------------------------------------------------
 ion density in 10**19 1/m**3
 2.6161700E+01
 2.6162049E+01
 2.6122678E+01
 2.6080756E+01
 2.6035923E+01
 2.5988114E+01
 2.5937474E+01
 2.5884161E+01
 2.5828311E+01
 2.5769937E+01
 2.5708896E+01
 2.5645055E+01
 2.5578371E+01
 2.5508899E+01
 2.5436809E+01
 2.5362315E+01
 2.5285560E+01
 2.5206647E+01
 2.5125674E+01
 2.5042678E+01
 2.4957690E+01
 2.4870798E+01
 2.4782060E+01
 2.4691467E+01
 2.4598991E+01
 2.4504583E+01
 2.4408164E+01
 2.4309680E+01
 2.4209118E+01
 2.4106503E+01
 2.4001876E+01
 2.3895264E+01
 2.3786708E+01
 2.3676303E+01
 2.3564159E+01
 2.3450351E+01
 2.3334965E+01
 2.3218085E+01
 2.3099744E+01
 2.2979933E+01
 2.2858652E+01
 2.2735914E+01
 2.2611722E+01
 2.2486093E+01
 2.2359062E+01
 2.2230681E+01
 2.2101007E+01
 2.1970109E+01
 2.1838073E+01
 2.1704990E+01
 2.1570906E+01
 2.1435833E+01
 2.1299770E+01
 2.1162689E+01
 2.1024535E+01
 2.0885306E+01
 2.0745042E+01
 2.0603795E+01
 2.0461624E+01
 2.0318603E+01
 2.0174779E+01
 2.0030180E+01
 1.9884849E+01
 1.9738833E+01
 1.9592179E+01
 1.9444948E+01
 1.9297201E+01
 1.9148973E+01
 1.9000283E+01
 1.8851162E+01
 1.8701626E+01
 1.8551694E+01
 1.8401389E+01
 1.8250728E+01
 1.8099700E+01
 1.7948263E+01
 1.7796324E+01
 1.7643731E+01
 1.7490250E+01
 1.7335523E+01
 1.7179006E+01
 1.7019884E+01
 1.6856923E+01
 1.6688270E+01
 1.6511178E+01
 1.6321607E+01
 1.6113680E+01
 1.5879007E+01
 1.5605904E+01
 1.5278706E+01
 1.4877620E+01
 1.4380017E+01
 1.3764396E+01
 1.3018105E+01
 1.2147994E+01
 1.1189283E+01
 1.0204736E+01
 9.2695513E+00
 8.4481321E+00
 7.7766240E+00
 7.2601127E+00
 --------------------------------------------------------------
 electron density in 10**19 1/m**3
 2.6259569E+01
 2.6259569E+01
 2.6219218E+01
 2.6175992E+01
 2.6129928E+01
 2.6081065E+01
 2.6029440E+01
 2.5975090E+01
 2.5918054E+01
 2.5858369E+01
 2.5796073E+01
 2.5731204E+01
 2.5663799E+01
 2.5593896E+01
 2.5521533E+01
 2.5446748E+01
 2.5369578E+01
 2.5290061E+01
 2.5208235E+01
 2.5124137E+01
 2.5037805E+01
 2.4949278E+01
 2.4858592E+01
 2.4765785E+01
 2.4670895E+01
 2.4573960E+01
 2.4475018E+01
 2.4374106E+01
 2.4271262E+01
 2.4166524E+01
 2.4059930E+01
 2.3951516E+01
 2.3841321E+01
 2.3729383E+01
 2.3615740E+01
 2.3500428E+01
 2.3383487E+01
 2.3264952E+01
 2.3144863E+01
 2.3023258E+01
 2.2900172E+01
 2.2775646E+01
 2.2649715E+01
 2.2522418E+01
 2.2393793E+01
 2.2263878E+01
 2.2132709E+01
 2.2000325E+01
 2.1866764E+01
 2.1732063E+01
 2.1596260E+01
 2.1459393E+01
 2.1321499E+01
 2.1182616E+01
 2.1042782E+01
 2.0902035E+01
 2.0760411E+01
 2.0617950E+01
 2.0474688E+01
 2.0330664E+01
 2.0185914E+01
 2.0040476E+01
 1.9894388E+01
 1.9747686E+01
 1.9600407E+01
 1.9452588E+01
 1.9304264E+01
 1.9155470E+01
 1.9006238E+01
 1.8856600E+01
 1.8706581E+01
 1.8556205E+01
 1.8405485E+01
 1.8254422E+01
 1.8103002E+01
 1.7951184E+01
 1.7798885E+01
 1.7645968E+01
 1.7492207E+01
 1.7337248E+01
 1.7180545E+01
 1.7021270E+01
 1.6858175E+01
 1.6689398E+01
 1.6512181E+01
 1.6322476E+01
 1.6114408E+01
 1.5879594E+01
 1.5606357E+01
 1.5279041E+01
 1.4877861E+01
 1.4380188E+01
 1.3764518E+01
 1.3018194E+01
 1.2148061E+01
 1.1189334E+01
 1.0204774E+01
 9.2695791E+00
 8.4481515E+00
 7.7766380E+00
 7.2601248E+00
 --------------------------------------------------------------
 equilibrium profiles
 --------------------------------------------------------------
 midplane minor radius in meters
 0.0000000E+00
 1.4043261E-02
 2.8097873E-02
 4.2161900E-02
 5.6244385E-02
 7.0349892E-02
 8.4483074E-02
 9.8647666E-02
 1.1284670E-01
 1.2708120E-01
 1.4135190E-01
 1.5565839E-01
 1.6999785E-01
 1.8436660E-01
 1.9876159E-01
 2.1317933E-01
 2.2761893E-01
 2.4207949E-01
 2.5655877E-01
 2.7105724E-01
 2.8557240E-01
 3.0010317E-01
 3.1464723E-01
 3.2920288E-01
 3.4376820E-01
 3.5834121E-01
 3.7291984E-01
 3.8750202E-01
 4.0208567E-01
 4.1666876E-01
 4.3124937E-01
 4.4582535E-01
 4.6039451E-01
 4.7495480E-01
 4.8950440E-01
 5.0404157E-01
 5.1856471E-01
 5.3307223E-01
 5.4756264E-01
 5.6203459E-01
 5.7648672E-01
 5.9091769E-01
 6.0532643E-01
 6.1971189E-01
 6.3407287E-01
 6.4840833E-01
 6.6271750E-01
 6.7699921E-01
 6.9125277E-01
 7.0547725E-01
 7.1967183E-01
 7.3383571E-01
 7.4796823E-01
 7.6206847E-01
 7.7613592E-01
 7.9016972E-01
 8.0416922E-01
 8.1813383E-01
 8.3206279E-01
 8.4595541E-01
 8.5981110E-01
 8.7362926E-01
 8.8740922E-01
 9.0115021E-01
 9.1485152E-01
 9.2851256E-01
 9.4213261E-01
 9.5571008E-01
 9.6924235E-01
 9.8272492E-01
 9.9615284E-01
 1.0095201E+00
 1.0228201E+00
 1.0360455E+00
 1.0491887E+00
 1.0622413E+00
 1.0751948E+00
 1.0880399E+00
 1.1007673E+00
 1.1133672E+00
 1.1258296E+00
 1.1381439E+00
 1.1502999E+00
 1.1622869E+00
 1.1740936E+00
 1.1857096E+00
 1.1971262E+00
 1.2083394E+00
 1.2193513E+00
 1.2301713E+00
 1.2408184E+00
 1.2513213E+00
 1.2617078E+00
 1.2720085E+00
 1.2822384E+00
 1.2923859E+00
 1.3024127E+00
 1.3122532E+00
 1.3218009E+00
 1.3308721E+00
 1.3390983E+00
 --------------------------------------------------------------
 safety factor
 3.8528916E+00
 3.8504988E+00
 3.8433976E+00
 3.8318171E+00
 3.8161371E+00
 3.7968812E+00
 3.7747078E+00
 3.7503954E+00
 3.7248194E+00
 3.6989211E+00
 3.6736621E+00
 3.6499670E+00
 3.6286538E+00
 3.6102514E+00
 3.5945034E+00
 3.5803696E+00
 3.5669424E+00
 3.5542452E+00
 3.5423230E+00
 3.5311542E+00
 3.5206597E+00
 3.5107322E+00
 3.5012822E+00
 3.4922641E+00
 3.4836519E+00
 3.4754110E+00
 3.4674952E+00
 3.4598789E+00
 3.4525417E+00
 3.4454926E+00
 3.4387234E+00
 3.4321594E+00
 3.4258077E+00
 3.4197384E+00
 3.4139738E+00
 3.4085348E+00
 3.4034374E+00
 3.3987096E+00
 3.3943677E+00
 3.3904265E+00
 3.3869080E+00
 3.3838169E+00
 3.3811761E+00
 3.3789923E+00
 3.3772779E+00
 3.3760541E+00
 3.3753212E+00
 3.3750967E+00
 3.3753938E+00
 3.3762183E+00
 3.3775884E+00
 3.3795129E+00
 3.3820033E+00
 3.3850738E+00
 3.3887342E+00
 3.3930029E+00
 3.3978897E+00
 3.4034073E+00
 3.4095733E+00
 3.4163978E+00
 3.4239017E+00
 3.4321084E+00
 3.4410391E+00
 3.4507090E+00
 3.4610820E+00
 3.4721429E+00
 3.4841952E+00
 3.4981093E+00
 3.5149506E+00
 3.5354940E+00
 3.5605254E+00
 3.5906304E+00
 3.6263072E+00
 3.6680551E+00
 3.7163079E+00
 3.7714642E+00
 3.8339345E+00
 3.9041051E+00
 3.9823569E+00
 4.0690909E+00
 4.1646932E+00
 4.2695948E+00
 4.3840697E+00
 4.5084962E+00
 4.6435655E+00
 4.7896141E+00
 4.9446070E+00
 5.1040480E+00
 5.2650825E+00
 5.4230859E+00
 5.5707946E+00
 5.7007716E+00
 5.8069105E+00
 5.8915711E+00
 5.9699796E+00
 6.0623517E+00
 6.1985870E+00
 6.4123753E+00
 6.7522786E+00
 7.3106986E+00
 8.5020248E+00
 --------------------------------------------------------------
 Shafranov shifted major radius in meters
 4.3624969E+00
 4.3623897E+00
 4.3620787E+00
 4.3615654E+00
 4.3608477E+00
 4.3599328E+00
 4.3588215E+00
 4.3575203E+00
 4.3560331E+00
 4.3543652E+00
 4.3525219E+00
 4.3505083E+00
 4.3483293E+00
 4.3459906E+00
 4.3434974E+00
 4.3408560E+00
 4.3380720E+00
 4.3351519E+00
 4.3321025E+00
 4.3289302E+00
 4.3256416E+00
 4.3222434E+00
 4.3187427E+00
 4.3151461E+00
 4.3114605E+00
 4.3076927E+00
 4.3038492E+00
 4.2999370E+00
 4.2959622E+00
 4.2919311E+00
 4.2878501E+00
 4.2837253E+00
 4.2795627E+00
 4.2753683E+00
 4.2711469E+00
 4.2669031E+00
 4.2626410E+00
 4.2583644E+00
 4.2540765E+00
 4.2497808E+00
 4.2454798E+00
 4.2411764E+00
 4.2368729E+00
 4.2325716E+00
 4.2282744E+00
 4.2239834E+00
 4.2197002E+00
 4.2154264E+00
 4.2111635E+00
 4.2069129E+00
 4.2026759E+00
 4.1984535E+00
 4.1942469E+00
 4.1900571E+00
 4.1858849E+00
 4.1817313E+00
 4.1775969E+00
 4.1734825E+00
 4.1693888E+00
 4.1653162E+00
 4.1612654E+00
 4.1572370E+00
 4.1532313E+00
 4.1492489E+00
 4.1452900E+00
 4.1413548E+00
 4.1374434E+00
 4.1335564E+00
 4.1296928E+00
 4.1258511E+00
 4.1220295E+00
 4.1182263E+00
 4.1144395E+00
 4.1106667E+00
 4.1069059E+00
 4.1031554E+00
 4.0994133E+00
 4.0956783E+00
 4.0919494E+00
 4.0882265E+00
 4.0845095E+00
 4.0807991E+00
 4.0770968E+00
 4.0734047E+00
 4.0697246E+00
 4.0660580E+00
 4.0624076E+00
 4.0587771E+00
 4.0551665E+00
 4.0515740E+00
 4.0479946E+00
 4.0444178E+00
 4.0408219E+00
 4.0371809E+00
 4.0334755E+00
 4.0296976E+00
 4.0258639E+00
 4.0220232E+00
 4.0182366E+00
 4.0145953E+00
 4.0112708E+00
 --------------------------------------------------------------
 elongation
 1.8869524E+00
 1.8860082E+00
 1.8831756E+00
 1.8811561E+00
 1.8782490E+00
 1.8747130E+00
 1.8706113E+00
 1.8659921E+00
 1.8609912E+00
 1.8556909E+00
 1.8501890E+00
 1.8445959E+00
 1.8389847E+00
 1.8334226E+00
 1.8279597E+00
 1.8225976E+00
 1.8173079E+00
 1.8120861E+00
 1.8069325E+00
 1.8018470E+00
 1.7968363E+00
 1.7919043E+00
 1.7870577E+00
 1.7823032E+00
 1.7776444E+00
 1.7730887E+00
 1.7686413E+00
 1.7643075E+00
 1.7600930E+00
 1.7560014E+00
 1.7520375E+00
 1.7482047E+00
 1.7445079E+00
 1.7409503E+00
 1.7375320E+00
 1.7342535E+00
 1.7311134E+00
 1.7281107E+00
 1.7252441E+00
 1.7225109E+00
 1.7199098E+00
 1.7174382E+00
 1.7150940E+00
 1.7128750E+00
 1.7107788E+00
 1.7088035E+00
 1.7069467E+00
 1.7052065E+00
 1.7035811E+00
 1.7020682E+00
 1.7006664E+00
 1.6993739E+00
 1.6981891E+00
 1.6971108E+00
 1.6961373E+00
 1.6952676E+00
 1.6945006E+00
 1.6938352E+00
 1.6932708E+00
 1.6928065E+00
 1.6924417E+00
 1.6921755E+00
 1.6920074E+00
 1.6919384E+00
 1.6919691E+00
 1.6920983E+00
 1.6923228E+00
 1.6926450E+00
 1.6930803E+00
 1.6936404E+00
 1.6943438E+00
 1.6952128E+00
 1.6962685E+00
 1.6975375E+00
 1.6990461E+00
 1.7008224E+00
 1.7028974E+00
 1.7053041E+00
 1.7080764E+00
 1.7112538E+00
 1.7148760E+00
 1.7189896E+00
 1.7236422E+00
 1.7288857E+00
 1.7347834E+00
 1.7414099E+00
 1.7488354E+00
 1.7570929E+00
 1.7662053E+00
 1.7761582E+00
 1.7868957E+00
 1.7982649E+00
 1.8100721E+00
 1.8220766E+00
 1.8341653E+00
 1.8464141E+00
 1.8592480E+00
 1.8733968E+00
 1.8902177E+00
 1.9119422E+00
 1.9453682E+00
 --------------------------------------------------------------
 triangularity
 0.0000000E+00
 8.5670471E-03
 1.7329059E-02
 2.5971533E-02
 3.4340676E-02
 4.2511987E-02
 5.0396237E-02
 5.7986751E-02
 6.5258829E-02
 7.2203844E-02
 7.8843137E-02
 8.5196618E-02
 9.1291327E-02
 9.7145034E-02
 1.0275640E-01
 1.0812514E-01
 1.1325329E-01
 1.1814345E-01
 1.2279717E-01
 1.2722682E-01
 1.3144348E-01
 1.3545657E-01
 1.3927578E-01
 1.4291027E-01
 1.4637180E-01
 1.4966919E-01
 1.5281132E-01
 1.5580883E-01
 1.5867225E-01
 1.6141034E-01
 1.6403001E-01
 1.6654190E-01
 1.6895745E-01
 1.7128460E-01
 1.7353083E-01
 1.7570659E-01
 1.7782120E-01
 1.7988444E-01
 1.8190332E-01
 1.8388490E-01
 1.8583572E-01
 1.8776164E-01
 1.8966795E-01
 1.9155958E-01
 1.9344084E-01
 1.9531544E-01
 1.9718800E-01
 1.9906108E-01
 2.0093813E-01
 2.0282210E-01
 2.0471517E-01
 2.0662037E-01
 2.0853933E-01
 2.1047483E-01
 2.1242886E-01
 2.1440290E-01
 2.1639904E-01
 2.1841852E-01
 2.2046442E-01
 2.2253810E-01
 2.2464070E-01
 2.2677369E-01
 2.2895806E-01
 2.3119598E-01
 2.3347123E-01
 2.3578661E-01
 2.3814687E-01
 2.4055178E-01
 2.4302097E-01
 2.4557753E-01
 2.4824517E-01
 2.5105218E-01
 2.5402708E-01
 2.5720132E-01
 2.6060733E-01
 2.6428227E-01
 2.6826496E-01
 2.7259263E-01
 2.7731125E-01
 2.8246471E-01
 2.8810736E-01
 2.9430865E-01
 3.0111705E-01
 3.0860778E-01
 3.1687063E-01
 3.2603082E-01
 3.3617503E-01
 3.4732653E-01
 3.5942685E-01
 3.7231645E-01
 3.8572734E-01
 3.9929690E-01
 4.1262797E-01
 4.2553190E-01
 4.3800833E-01
 4.5022592E-01
 4.6282436E-01
 4.7647485E-01
 4.9238001E-01
 5.1263606E-01
 5.4492366E-01
 --------------------------------------------------------------
 slowing down alpha profiles
 --------------------------------------------------------------
 alpha density in 10**19 1/m**3
 0.0000000E+00
 0.0000000E+00
 0.0000000E+00
 0.0000000E+00
 0.0000000E+00
 0.0000000E+00
 0.0000000E+00
 0.0000000E+00
 0.0000000E+00
 0.0000000E+00
 0.0000000E+00
 0.0000000E+00
 0.0000000E+00
 0.0000000E+00
 0.0000000E+00
 0.0000000E+00
 0.0000000E+00
 0.0000000E+00
 0.0000000E+00
 0.0000000E+00
 0.0000000E+00
 0.0000000E+00
 0.0000000E+00
 0.0000000E+00
 0.0000000E+00
 0.0000000E+00
 0.0000000E+00
 0.0000000E+00
 0.0000000E+00
 0.0000000E+00
 0.0000000E+00
 0.0000000E+00
 0.0000000E+00
 0.0000000E+00
 0.0000000E+00
 0.0000000E+00
 0.0000000E+00
 0.0000000E+00
 0.0000000E+00
 0.0000000E+00
 0.0000000E+00
 0.0000000E+00
 0.0000000E+00
 0.0000000E+00
 0.0000000E+00
 0.0000000E+00
 0.0000000E+00
 0.0000000E+00
 0.0000000E+00
 0.0000000E+00
 0.0000000E+00
 0.0000000E+00
 0.0000000E+00
 0.0000000E+00
 0.0000000E+00
 0.0000000E+00
 0.0000000E+00
 0.0000000E+00
 0.0000000E+00
 0.0000000E+00
 0.0000000E+00
 0.0000000E+00
 0.0000000E+00
 0.0000000E+00
 0.0000000E+00
 0.0000000E+00
 0.0000000E+00
 0.0000000E+00
 0.0000000E+00
 0.0000000E+00
 0.0000000E+00
 0.0000000E+00
 0.0000000E+00
 0.0000000E+00
 0.0000000E+00
 0.0000000E+00
 0.0000000E+00
 0.0000000E+00
 0.0000000E+00
 0.0000000E+00
 0.0000000E+00
 0.0000000E+00
 0.0000000E+00
 0.0000000E+00
 0.0000000E+00
 0.0000000E+00
 0.0000000E+00
 0.0000000E+00
 0.0000000E+00
 0.0000000E+00
 0.0000000E+00
 0.0000000E+00
 0.0000000E+00
 0.0000000E+00
 0.0000000E+00
 0.0000000E+00
 0.0000000E+00
 0.0000000E+00
 0.0000000E+00
 0.0000000E+00
 0.0000000E+00
 --------------------------------------------------------------
 alpha source profiles
 --------------------------------------------------------------
 alpha source in 10**19 1/m**3/sec
 0.0000000E+00
 0.0000000E+00
 0.0000000E+00
 0.0000000E+00
 0.0000000E+00
 0.0000000E+00
 0.0000000E+00
 0.0000000E+00
 0.0000000E+00
 0.0000000E+00
 0.0000000E+00
 0.0000000E+00
 0.0000000E+00
 0.0000000E+00
 0.0000000E+00
 0.0000000E+00
 0.0000000E+00
 0.0000000E+00
 0.0000000E+00
 0.0000000E+00
 0.0000000E+00
 0.0000000E+00
 0.0000000E+00
 0.0000000E+00
 0.0000000E+00
 0.0000000E+00
 0.0000000E+00
 0.0000000E+00
 0.0000000E+00
 0.0000000E+00
 0.0000000E+00
 0.0000000E+00
 0.0000000E+00
 0.0000000E+00
 0.0000000E+00
 0.0000000E+00
 0.0000000E+00
 0.0000000E+00
 0.0000000E+00
 0.0000000E+00
 0.0000000E+00
 0.0000000E+00
 0.0000000E+00
 0.0000000E+00
 0.0000000E+00
 0.0000000E+00
 0.0000000E+00
 0.0000000E+00
 0.0000000E+00
 0.0000000E+00
 0.0000000E+00
 0.0000000E+00
 0.0000000E+00
 0.0000000E+00
 0.0000000E+00
 0.0000000E+00
 0.0000000E+00
 0.0000000E+00
 0.0000000E+00
 0.0000000E+00
 0.0000000E+00
 0.0000000E+00
 0.0000000E+00
 0.0000000E+00
 0.0000000E+00
 0.0000000E+00
 0.0000000E+00
 0.0000000E+00
 0.0000000E+00
 0.0000000E+00
 0.0000000E+00
 0.0000000E+00
 0.0000000E+00
 0.0000000E+00
 0.0000000E+00
 0.0000000E+00
 0.0000000E+00
 0.0000000E+00
 0.0000000E+00
 0.0000000E+00
 0.0000000E+00
 0.0000000E+00
 0.0000000E+00
 0.0000000E+00
 0.0000000E+00
 0.0000000E+00
 0.0000000E+00
 0.0000000E+00
 0.0000000E+00
 0.0000000E+00
 0.0000000E+00
 0.0000000E+00
 0.0000000E+00
 0.0000000E+00
 0.0000000E+00
 0.0000000E+00
 0.0000000E+00
 0.0000000E+00
 0.0000000E+00
 0.0000000E+00
 0.0000000E+00
 --------------------------------------------------------------
 alpha equivalent Maxwellian temperature in keV
 9.0629303E+02
 9.0629303E+02
 9.0551220E+02
 9.0466481E+02
 9.0375156E+02
 9.0277312E+02
 9.0173012E+02
 9.0062317E+02
 8.9945283E+02
 8.9821965E+02
 8.9692413E+02
 8.9556678E+02
 8.9414804E+02
 8.9266835E+02
 8.9112813E+02
 8.8952777E+02
 8.8786767E+02
 8.8614817E+02
 8.8436962E+02
 8.8253236E+02
 8.8063670E+02
 8.7868295E+02
 8.7667139E+02
 8.7460233E+02
 8.7247605E+02
 8.7029284E+02
 8.6805293E+02
 8.6575662E+02
 8.6340416E+02
 8.6099583E+02
 8.5853191E+02
 8.5601265E+02
 8.5343832E+02
 8.5080923E+02
 8.4812566E+02
 8.4538791E+02
 8.4259630E+02
 8.3975113E+02
 8.3685279E+02
 8.3390163E+02
 8.3089802E+02
 8.2784237E+02
 8.2473509E+02
 8.2157669E+02
 8.1836760E+02
 8.1510840E+02
 8.1179960E+02
 8.0844184E+02
 8.0503574E+02
 8.0158199E+02
 7.9808134E+02
 7.9453459E+02
 7.9094258E+02
 7.8730625E+02
 7.8362657E+02
 7.7990462E+02
 7.7614154E+02
 7.7233856E+02
 7.6849700E+02
 7.6461828E+02
 7.6070393E+02
 7.5675560E+02
 7.5277505E+02
 7.4876419E+02
 7.4472504E+02
 7.4065978E+02
 7.3657078E+02
 7.3246053E+02
 7.2833172E+02
 7.2418724E+02
 7.2003015E+02
 7.1586373E+02
 7.1169142E+02
 7.0751689E+02
 7.0334394E+02
 6.9917650E+02
 6.9501854E+02
 6.9087390E+02
 6.8674609E+02
 6.8263787E+02
 6.7855059E+02
 6.7448321E+02
 6.7043056E+02
 6.6638072E+02
 6.6231070E+02
 6.5817973E+02
 6.5391861E+02
 6.4941338E+02
 6.4448084E+02
 6.3883338E+02
 6.3203294E+02
 6.2344008E+02
 6.1218029E+02
 5.9717493E+02
 5.7730303E+02
 5.5171989E+02
 5.2020201E+02
 4.8318798E+02
 4.4115371E+02
 3.9285061E+02
 3.2771587E+02
 --------------------------------------------------------------
 E_alpha normed E_c: E_c_hat=E_c/E_alpha   cross over energy
 1.4973220E-01
 1.4973220E-01
 1.4917561E-01
 1.4857358E-01
 1.4792709E-01
 1.4723714E-01
 1.4650470E-01
 1.4573075E-01
 1.4491629E-01
 1.4406231E-01
 1.4316977E-01
 1.4223968E-01
 1.4127301E-01
 1.4027074E-01
 1.3923386E-01
 1.3816337E-01
 1.3706023E-01
 1.3592545E-01
 1.3475999E-01
 1.3356485E-01
 1.3234102E-01
 1.3108947E-01
 1.2981118E-01
 1.2850715E-01
 1.2717836E-01
 1.2582581E-01
 1.2445045E-01
 1.2305329E-01
 1.2163531E-01
 1.2019749E-01
 1.1874083E-01
 1.1726629E-01
 1.1577487E-01
 1.1426755E-01
 1.1274532E-01
 1.1120916E-01
 1.0966006E-01
 1.0809899E-01
 1.0652696E-01
 1.0494494E-01
 1.0335391E-01
 1.0175486E-01
 1.0014877E-01
 9.8536644E-02
 9.6919436E-02
 9.5298161E-02
 9.3673778E-02
 9.2047287E-02
 9.0419670E-02
 8.8791910E-02
 8.7164992E-02
 8.5539902E-02
 8.3917623E-02
 8.2299141E-02
 8.0685441E-02
 7.9077505E-02
 7.7476322E-02
 7.5882873E-02
 7.4298144E-02
 7.2723120E-02
 7.1158785E-02
 6.9606124E-02
 6.8066120E-02
 6.6539760E-02
 6.5028025E-02
 6.3531900E-02
 6.2052368E-02
 6.0590409E-02
 5.9147004E-02
 5.7723129E-02
 5.6319756E-02
 5.4937852E-02
 5.3578369E-02
 5.2242243E-02
 5.0930382E-02
 4.9643649E-02
 4.8382838E-02
 4.7148631E-02
 4.5941539E-02
 4.4761797E-02
 4.3609208E-02
 4.2482900E-02
 4.1380925E-02
 4.0299663E-02
 3.9232859E-02
 3.8170175E-02
 3.7094957E-02
 3.5980987E-02
 3.4787917E-02
 3.3455512E-02
 3.1897855E-02
 3.0001238E-02
 2.7633864E-02
 2.4679910E-02
 2.1105813E-02
 1.7039060E-02
 1.2795638E-02
 8.7933687E-03
 5.3846608E-03
 2.7344696E-03
 8.2001524E-04
 --------------------------------------------------------------
 --------------------------------------------------------------
 correct -K(0) pinch with max at -1.5
 1.0118742E+00
 1.0118742E+00
 1.0126114E+00
 1.0134100E+00
 1.0142689E+00
 1.0151873E+00
 1.0161640E+00
 1.0171982E+00
 1.0182888E+00
 1.0194349E+00
 1.0206357E+00
 1.0218900E+00
 1.0231971E+00
 1.0245560E+00
 1.0259659E+00
 1.0274257E+00
 1.0289347E+00
 1.0304920E+00
 1.0320966E+00
 1.0337477E+00
 1.0354444E+00
 1.0371858E+00
 1.0389712E+00
 1.0407995E+00
 1.0426700E+00
 1.0445818E+00
 1.0465340E+00
 1.0485257E+00
 1.0505562E+00
 1.0526244E+00
 1.0547296E+00
 1.0568708E+00
 1.0590472E+00
 1.0612579E+00
 1.0635021E+00
 1.0657787E+00
 1.0680869E+00
 1.0704259E+00
 1.0727946E+00
 1.0751922E+00
 1.0776177E+00
 1.0800701E+00
 1.0825486E+00
 1.0850521E+00
 1.0875796E+00
 1.0901302E+00
 1.0927029E+00
 1.0952966E+00
 1.0979103E+00
 1.1005428E+00
 1.1031932E+00
 1.1058603E+00
 1.1085430E+00
 1.1112401E+00
 1.1139505E+00
 1.1166729E+00
 1.1194061E+00
 1.1221489E+00
 1.1248999E+00
 1.1276577E+00
 1.1304211E+00
 1.1331885E+00
 1.1359585E+00
 1.1387296E+00
 1.1415002E+00
 1.1442687E+00
 1.1470334E+00
 1.1497925E+00
 1.1525442E+00
 1.1552866E+00
 1.1580178E+00
 1.1607358E+00
 1.1634384E+00
 1.1661235E+00
 1.1687889E+00
 1.1714325E+00
 1.1740520E+00
 1.1766455E+00
 1.1792112E+00
 1.1817478E+00
 1.1842550E+00
 1.1867339E+00
 1.1891882E+00
 1.1916253E+00
 1.1940591E+00
 1.1965140E+00
 1.1990300E+00
 1.2016726E+00
 1.2045455E+00
 1.2078092E+00
 1.2117036E+00
 1.2165703E+00
 1.2228587E+00
 1.2310894E+00
 1.2417412E+00
 1.2550694E+00
 1.2709535E+00
 1.2889499E+00
 1.3086684E+00
 1.3305876E+00
 1.3592812E+00
 --------------------------------------------------------------
 --------------------------------------------------------------
 incorrect -K(0) pinch
 1.4717184E+00
 1.4717184E+00
 1.4719184E+00
 1.4721339E+00
 1.4723645E+00
 1.4726095E+00
 1.4728684E+00
 1.4731406E+00
 1.4734257E+00
 1.4737229E+00
 1.4740317E+00
 1.4743517E+00
 1.4746821E+00
 1.4750224E+00
 1.4753721E+00
 1.4757306E+00
 1.4760972E+00
 1.4764715E+00
 1.4768528E+00
 1.4772407E+00
 1.4776345E+00
 1.4780336E+00
 1.4784376E+00
 1.4788460E+00
 1.4792581E+00
 1.4796734E+00
 1.4800915E+00
 1.4805117E+00
 1.4809338E+00
 1.4813570E+00
 1.4817810E+00
 1.4822053E+00
 1.4826295E+00
 1.4830530E+00
 1.4834754E+00
 1.4838964E+00
 1.4843156E+00
 1.4847324E+00
 1.4851466E+00
 1.4855578E+00
 1.4859655E+00
 1.4863696E+00
 1.4867696E+00
 1.4871652E+00
 1.4875561E+00
 1.4879421E+00
 1.4883228E+00
 1.4886981E+00
 1.4890676E+00
 1.4894311E+00
 1.4897884E+00
 1.4901394E+00
 1.4904838E+00
 1.4908214E+00
 1.4911522E+00
 1.4914759E+00
 1.4917924E+00
 1.4921017E+00
 1.4924035E+00
 1.4926978E+00
 1.4929846E+00
 1.4932638E+00
 1.4935353E+00
 1.4937991E+00
 1.4940552E+00
 1.4943035E+00
 1.4945440E+00
 1.4947769E+00
 1.4950020E+00
 1.4952194E+00
 1.4954292E+00
 1.4956314E+00
 1.4958260E+00
 1.4960133E+00
 1.4961931E+00
 1.4963657E+00
 1.4965312E+00
 1.4966896E+00
 1.4968412E+00
 1.4969861E+00
 1.4971246E+00
 1.4972569E+00
 1.4973836E+00
 1.4975052E+00
 1.4976225E+00
 1.4977368E+00
 1.4978497E+00
 1.4979639E+00
 1.4980830E+00
 1.4982120E+00
 1.4983576E+00
 1.4985272E+00
 1.4987269E+00
 1.4989574E+00
 1.4992081E+00
 1.4994552E+00
 1.4996685E+00
 1.4998260E+00
 1.4999244E+00
 1.4999758E+00
 1.4999967E+00
 --------------------------------------------------------------
 --------------------------------------------------------------
 incrrect/correct  -K(0)
 1.4544479E+00
 1.4544479E+00
 1.4535866E+00
 1.4526539E+00
 1.4516510E+00
 1.4505792E+00
 1.4494396E+00
 1.4482337E+00
 1.4469624E+00
 1.4456272E+00
 1.4442291E+00
 1.4427694E+00
 1.4412493E+00
 1.4396698E+00
 1.4380323E+00
 1.4363379E+00
 1.4345878E+00
 1.4327831E+00
 1.4309251E+00
 1.4290148E+00
 1.4270535E+00
 1.4250423E+00
 1.4229824E+00
 1.4208750E+00
 1.4187212E+00
 1.4165223E+00
 1.4142794E+00
 1.4119937E+00
 1.4096665E+00
 1.4072988E+00
 1.4048919E+00
 1.4024470E+00
 1.3999654E+00
 1.3974482E+00
 1.3948966E+00
 1.3923120E+00
 1.3896954E+00
 1.3870483E+00
 1.3843718E+00
 1.3816672E+00
 1.3789358E+00
 1.3761788E+00
 1.3733975E+00
 1.3705934E+00
 1.3677675E+00
 1.3649214E+00
 1.3620562E+00
 1.3591734E+00
 1.3562744E+00
 1.3533604E+00
 1.3504329E+00
 1.3474933E+00
 1.3445431E+00
 1.3415835E+00
 1.3386162E+00
 1.3356426E+00
 1.3326641E+00
 1.3296824E+00
 1.3266990E+00
 1.3237154E+00
 1.3207332E+00
 1.3177541E+00
 1.3147798E+00
 1.3118119E+00
 1.3088523E+00
 1.3059026E+00
 1.3029647E+00
 1.3000406E+00
 1.2971320E+00
 1.2942411E+00
 1.2913698E+00
 1.2885201E+00
 1.2856943E+00
 1.2828944E+00
 1.2801226E+00
 1.2773811E+00
 1.2746719E+00
 1.2719970E+00
 1.2693580E+00
 1.2667560E+00
 1.2641910E+00
 1.2616618E+00
 1.2591646E+00
 1.2566914E+00
 1.2542281E+00
 1.2517504E+00
 1.2492179E+00
 1.2465657E+00
 1.2436914E+00
 1.2404376E+00
 1.2365710E+00
 1.2317638E+00
 1.2255928E+00
 1.2175861E+00
 1.2073435E+00
 1.1947190E+00
 1.1799554E+00
 1.1636030E+00
 1.1461455E+00
 1.1273033E+00
 1.1035220E+00
 --------------------------------------------------------------
 --------------------------------------------------------------
 orbit smeared slowing down alpha profiles
 --------------------------------------------------------------
 smeared alpha density in 10**19 1/m**3
 0.0000000E+00
 0.0000000E+00
 0.0000000E+00
 0.0000000E+00
 0.0000000E+00
 0.0000000E+00
 0.0000000E+00
 0.0000000E+00
 0.0000000E+00
 0.0000000E+00
 0.0000000E+00
 0.0000000E+00
 0.0000000E+00
 0.0000000E+00
 0.0000000E+00
 0.0000000E+00
 0.0000000E+00
 0.0000000E+00
 0.0000000E+00
 0.0000000E+00
 0.0000000E+00
 0.0000000E+00
 0.0000000E+00
 0.0000000E+00
 0.0000000E+00
 0.0000000E+00
 0.0000000E+00
 0.0000000E+00
 0.0000000E+00
 0.0000000E+00
 0.0000000E+00
 0.0000000E+00
 0.0000000E+00
 0.0000000E+00
 0.0000000E+00
 0.0000000E+00
 0.0000000E+00
 0.0000000E+00
 0.0000000E+00
 0.0000000E+00
 0.0000000E+00
 0.0000000E+00
 0.0000000E+00
 0.0000000E+00
 0.0000000E+00
 0.0000000E+00
 0.0000000E+00
 0.0000000E+00
 0.0000000E+00
 0.0000000E+00
 0.0000000E+00
 0.0000000E+00
 0.0000000E+00
 0.0000000E+00
 0.0000000E+00
 0.0000000E+00
 0.0000000E+00
 0.0000000E+00
 0.0000000E+00
 0.0000000E+00
 0.0000000E+00
 0.0000000E+00
 0.0000000E+00
 0.0000000E+00
 0.0000000E+00
 0.0000000E+00
 0.0000000E+00
 0.0000000E+00
 0.0000000E+00
 0.0000000E+00
 0.0000000E+00
 0.0000000E+00
 0.0000000E+00
 0.0000000E+00
 0.0000000E+00
 0.0000000E+00
 0.0000000E+00
 0.0000000E+00
 0.0000000E+00
 0.0000000E+00
 0.0000000E+00
 0.0000000E+00
 0.0000000E+00
 0.0000000E+00
 0.0000000E+00
 0.0000000E+00
 0.0000000E+00
 0.0000000E+00
 0.0000000E+00
 0.0000000E+00
 0.0000000E+00
 0.0000000E+00
 0.0000000E+00
 0.0000000E+00
 0.0000000E+00
 0.0000000E+00
 0.0000000E+00
 0.0000000E+00
 0.0000000E+00
 0.0000000E+00
 0.0000000E+00
 --------------------------------------------------------------
 --------------------------------------------------------
 gradient slowing down alpha profiles
 --------------------------------------------------------------
 alpha density gradient in 10**19 1/m**3 per m
    0.000000000000000     
-0.0000000E+00
-0.0000000E+00
-0.0000000E+00
-0.0000000E+00
-0.0000000E+00
-0.0000000E+00
-0.0000000E+00
-0.0000000E+00
-0.0000000E+00
-0.0000000E+00
-0.0000000E+00
-0.0000000E+00
-0.0000000E+00
-0.0000000E+00
-0.0000000E+00
-0.0000000E+00
-0.0000000E+00
-0.0000000E+00
-0.0000000E+00
-0.0000000E+00
-0.0000000E+00
-0.0000000E+00
-0.0000000E+00
-0.0000000E+00
-0.0000000E+00
-0.0000000E+00
-0.0000000E+00
-0.0000000E+00
-0.0000000E+00
-0.0000000E+00
-0.0000000E+00
-0.0000000E+00
-0.0000000E+00
-0.0000000E+00
-0.0000000E+00
-0.0000000E+00
-0.0000000E+00
-0.0000000E+00
-0.0000000E+00
-0.0000000E+00
-0.0000000E+00
-0.0000000E+00
-0.0000000E+00
-0.0000000E+00
-0.0000000E+00
-0.0000000E+00
-0.0000000E+00
-0.0000000E+00
-0.0000000E+00
-0.0000000E+00
-0.0000000E+00
-0.0000000E+00
-0.0000000E+00
-0.0000000E+00
-0.0000000E+00
-0.0000000E+00
-0.0000000E+00
-0.0000000E+00
-0.0000000E+00
-0.0000000E+00
-0.0000000E+00
-0.0000000E+00
-0.0000000E+00
-0.0000000E+00
-0.0000000E+00
-0.0000000E+00
-0.0000000E+00
-0.0000000E+00
-0.0000000E+00
-0.0000000E+00
-0.0000000E+00
-0.0000000E+00
-0.0000000E+00
-0.0000000E+00
-0.0000000E+00
-0.0000000E+00
-0.0000000E+00
-0.0000000E+00
-0.0000000E+00
-0.0000000E+00
-0.0000000E+00
-0.0000000E+00
-0.0000000E+00
-0.0000000E+00
-0.0000000E+00
-0.0000000E+00
-0.0000000E+00
-0.0000000E+00
-0.0000000E+00
-0.0000000E+00
-0.0000000E+00
-0.0000000E+00
-0.0000000E+00
-0.0000000E+00
-0.0000000E+00
-0.0000000E+00
-0.0000000E+00
-0.0000000E+00
-0.0000000E+00
-0.0000000E+00
 --------------------------------------------------------------
 --------------------------------------------------------
 normed inverse temerpature gradient length
  slowing down alpha profiles:  a/LT_alpha
 --------------------------------------------------------------
    0.000000000000000     
 4.3077926E-02
 8.9905694E-02
 9.7309003E-02
 1.0465804E-01
 1.1195748E-01
 1.1921248E-01
 1.2642872E-01
 1.3361018E-01
 1.4076137E-01
 1.4788660E-01
 1.5499078E-01
 1.6207788E-01
 1.6915093E-01
 1.7621354E-01
 1.8326917E-01
 1.9032115E-01
 1.9737343E-01
 2.0442906E-01
 2.1148929E-01
 2.1855849E-01
 2.2563927E-01
 2.3273327E-01
 2.3984280E-01
 2.4696914E-01
 2.5411694E-01
 2.6128725E-01
 2.6848003E-01
 2.7569865E-01
 2.8294269E-01
 2.9021526E-01
 2.9751840E-01
 3.0485020E-01
 3.1221231E-01
 3.1960621E-01
 3.2703120E-01
 3.3448839E-01
 3.4197658E-01
 3.4949428E-01
 3.5704282E-01
 3.6462125E-01
 3.7222826E-01
 3.7985999E-01
 3.8751660E-01
 3.9519449E-01
 4.0289102E-01
 4.1060413E-01
 4.1832748E-01
 4.2605856E-01
 4.3379177E-01
 4.4152159E-01
 4.4924155E-01
 4.5694454E-01
 4.6462277E-01
 4.7226744E-01
 4.7986848E-01
 4.8741535E-01
 4.9489609E-01
 5.0229739E-01
 5.0960488E-01
 5.1680247E-01
 5.2387298E-01
 5.3079692E-01
 5.3755366E-01
 5.4412062E-01
 5.5047269E-01
 5.5658317E-01
 5.6242305E-01
 5.6796119E-01
 5.7316458E-01
 5.7799775E-01
 5.8242460E-01
 5.8640865E-01
 5.8991404E-01
 5.9290965E-01
 5.9537187E-01
 5.9729304E-01
 5.9869408E-01
 5.9964198E-01
 6.0028194E-01
 6.0088809E-01
 6.0194465E-01
 6.0427493E-01
 6.0925054E-01
 6.1911936E-01
 6.3752320E-01
 6.7029374E-01
 7.2663815E-01
 8.2081566E-01
 9.7426780E-01
 1.2177611E+00
 1.5921857E+00
 2.1452137E+00
 2.9201883E+00
 3.9368440E+00
 5.1748195E+00
 6.5870473E+00
 8.1798705E+00
 1.0238764E+01
 1.4437782E+01
 1.9875368E+01
 --------------------------------------------------------------
 --------------------------------------------------------
 normed inverse density gradient length
  slowing down alpha profiles:  a/Ln_alpha
 --------------------------------------------------------------
    0.000000000000000     
           NaN
           NaN
           NaN
           NaN
           NaN
           NaN
           NaN
           NaN
           NaN
           NaN
           NaN
           NaN
           NaN
           NaN
           NaN
           NaN
           NaN
           NaN
           NaN
           NaN
           NaN
           NaN
           NaN
           NaN
           NaN
           NaN
           NaN
           NaN
           NaN
           NaN
           NaN
           NaN
           NaN
           NaN
           NaN
           NaN
           NaN
           NaN
           NaN
           NaN
           NaN
           NaN
           NaN
           NaN
           NaN
           NaN
           NaN
           NaN
           NaN
           NaN
           NaN
           NaN
           NaN
           NaN
           NaN
           NaN
           NaN
           NaN
           NaN
           NaN
           NaN
           NaN
           NaN
           NaN
           NaN
           NaN
           NaN
           NaN
           NaN
           NaN
           NaN
           NaN
           NaN
           NaN
           NaN
           NaN
           NaN
           NaN
           NaN
           NaN
           NaN
           NaN
           NaN
           NaN
           NaN
           NaN
           NaN
           NaN
           NaN
           NaN
           NaN
           NaN
           NaN
           NaN
           NaN
           NaN
           NaN
           NaN
           NaN
           NaN
 --------------------------------------------------------------
 --------------------------------------------------------
 gradient orbit smeared slowing down alpha profiles
 --------------------------------------------------------------
 smeared alpha density gradient in 10**19 1/m**3 per m
 0.0000000E+00
-0.0000000E+00
-0.0000000E+00
-0.0000000E+00
-0.0000000E+00
-0.0000000E+00
-0.0000000E+00
-0.0000000E+00
-0.0000000E+00
-0.0000000E+00
-0.0000000E+00
-0.0000000E+00
-0.0000000E+00
-0.0000000E+00
-0.0000000E+00
-0.0000000E+00
-0.0000000E+00
-0.0000000E+00
-0.0000000E+00
-0.0000000E+00
-0.0000000E+00
-0.0000000E+00
-0.0000000E+00
-0.0000000E+00
-0.0000000E+00
-0.0000000E+00
-0.0000000E+00
-0.0000000E+00
-0.0000000E+00
-0.0000000E+00
-0.0000000E+00
-0.0000000E+00
-0.0000000E+00
-0.0000000E+00
-0.0000000E+00
-0.0000000E+00
-0.0000000E+00
-0.0000000E+00
-0.0000000E+00
-0.0000000E+00
-0.0000000E+00
-0.0000000E+00
-0.0000000E+00
-0.0000000E+00
-0.0000000E+00
-0.0000000E+00
-0.0000000E+00
-0.0000000E+00
-0.0000000E+00
-0.0000000E+00
-0.0000000E+00
-0.0000000E+00
-0.0000000E+00
-0.0000000E+00
-0.0000000E+00
-0.0000000E+00
-0.0000000E+00
-0.0000000E+00
-0.0000000E+00
-0.0000000E+00
-0.0000000E+00
-0.0000000E+00
-0.0000000E+00
-0.0000000E+00
-0.0000000E+00
-0.0000000E+00
-0.0000000E+00
-0.0000000E+00
-0.0000000E+00
-0.0000000E+00
-0.0000000E+00
-0.0000000E+00
-0.0000000E+00
-0.0000000E+00
-0.0000000E+00
-0.0000000E+00
-0.0000000E+00
-0.0000000E+00
-0.0000000E+00
-0.0000000E+00
-0.0000000E+00
-0.0000000E+00
-0.0000000E+00
-0.0000000E+00
-0.0000000E+00
-0.0000000E+00
-0.0000000E+00
-0.0000000E+00
-0.0000000E+00
-0.0000000E+00
-0.0000000E+00
-0.0000000E+00
-0.0000000E+00
-0.0000000E+00
-0.0000000E+00
-0.0000000E+00
-0.0000000E+00
-0.0000000E+00
-0.0000000E+00
-0.0000000E+00
-0.0000000E+00
 --------------------------------------------------------------
 --------------------------------------------------------
 normed log_e gradient slowing down alpha profiles
 --------------------------------------------------------------
    0.000000000000000     
           NaN
           NaN
           NaN
           NaN
           NaN
           NaN
           NaN
           NaN
           NaN
           NaN
           NaN
           NaN
           NaN
           NaN
           NaN
           NaN
           NaN
           NaN
           NaN
           NaN
           NaN
           NaN
           NaN
           NaN
           NaN
           NaN
           NaN
           NaN
           NaN
           NaN
           NaN
           NaN
           NaN
           NaN
           NaN
           NaN
           NaN
           NaN
           NaN
           NaN
           NaN
           NaN
           NaN
           NaN
           NaN
           NaN
           NaN
           NaN
           NaN
           NaN
           NaN
           NaN
           NaN
           NaN
           NaN
           NaN
           NaN
           NaN
           NaN
           NaN
           NaN
           NaN
           NaN
           NaN
           NaN
           NaN
           NaN
           NaN
           NaN
           NaN
           NaN
           NaN
           NaN
           NaN
           NaN
           NaN
           NaN
           NaN
           NaN
           NaN
           NaN
           NaN
           NaN
           NaN
           NaN
           NaN
           NaN
           NaN
           NaN
           NaN
           NaN
           NaN
           NaN
           NaN
           NaN
           NaN
           NaN
           NaN
           NaN
           NaN
 --------------------------------------------------------------
 --------------------------------------------------------
  slowing down alpha profiles normed to local electron density
 --------------------------------------------------------------
 0.0000000E+00
 0.0000000E+00
 0.0000000E+00
 0.0000000E+00
 0.0000000E+00
 0.0000000E+00
 0.0000000E+00
 0.0000000E+00
 0.0000000E+00
 0.0000000E+00
 0.0000000E+00
 0.0000000E+00
 0.0000000E+00
 0.0000000E+00
 0.0000000E+00
 0.0000000E+00
 0.0000000E+00
 0.0000000E+00
 0.0000000E+00
 0.0000000E+00
 0.0000000E+00
 0.0000000E+00
 0.0000000E+00
 0.0000000E+00
 0.0000000E+00
 0.0000000E+00
 0.0000000E+00
 0.0000000E+00
 0.0000000E+00
 0.0000000E+00
 0.0000000E+00
 0.0000000E+00
 0.0000000E+00
 0.0000000E+00
 0.0000000E+00
 0.0000000E+00
 0.0000000E+00
 0.0000000E+00
 0.0000000E+00
 0.0000000E+00
 0.0000000E+00
 0.0000000E+00
 0.0000000E+00
 0.0000000E+00
 0.0000000E+00
 0.0000000E+00
 0.0000000E+00
 0.0000000E+00
 0.0000000E+00
 0.0000000E+00
 0.0000000E+00
 0.0000000E+00
 0.0000000E+00
 0.0000000E+00
 0.0000000E+00
 0.0000000E+00
 0.0000000E+00
 0.0000000E+00
 0.0000000E+00
 0.0000000E+00
 0.0000000E+00
 0.0000000E+00
 0.0000000E+00
 0.0000000E+00
 0.0000000E+00
 0.0000000E+00
 0.0000000E+00
 0.0000000E+00
 0.0000000E+00
 0.0000000E+00
 0.0000000E+00
 0.0000000E+00
 0.0000000E+00
 0.0000000E+00
 0.0000000E+00
 0.0000000E+00
 0.0000000E+00
 0.0000000E+00
 0.0000000E+00
 0.0000000E+00
 0.0000000E+00
 0.0000000E+00
 0.0000000E+00
 0.0000000E+00
 0.0000000E+00
 0.0000000E+00
 0.0000000E+00
 0.0000000E+00
 0.0000000E+00
 0.0000000E+00
 0.0000000E+00
 0.0000000E+00
 0.0000000E+00
 0.0000000E+00
 0.0000000E+00
 0.0000000E+00
 0.0000000E+00
 0.0000000E+00
 0.0000000E+00
 0.0000000E+00
 0.0000000E+00
 --------------------------------------------------------------
 --------------------------------------------------------
  bannana half width relative to r_minor
 --------------------------------------------------------------
 7.4272066E-01
 6.6591118E-02
 6.6562426E-02
 6.6531274E-02
 6.6497684E-02
 6.6461678E-02
 6.6423274E-02
 7.0000000E-02
 8.0000000E-02
 9.0000000E-02
 1.0000000E-01
 1.1000000E-01
 1.2000000E-01
 1.3000000E-01
 1.4000000E-01
 1.5000000E-01
 1.6000000E-01
 1.7000000E-01
 1.8000000E-01
 1.9000000E-01
 2.0000000E-01
 2.1000000E-01
 2.2000000E-01
 2.3000000E-01
 2.4000000E-01
 2.5000000E-01
 2.6000000E-01
 2.7000000E-01
 2.8000000E-01
 2.9000000E-01
 3.0000000E-01
 3.1000000E-01
 3.2000000E-01
 3.3000000E-01
 3.4000000E-01
 3.5000000E-01
 3.6000000E-01
 3.7000000E-01
 3.8000000E-01
 3.9000000E-01
 4.0000000E-01
 4.1000000E-01
 4.2000000E-01
 4.3000000E-01
 4.4000000E-01
 4.5000000E-01
 4.6000000E-01
 4.7000000E-01
 4.8000000E-01
 4.9000000E-01
 5.0000000E-01
 5.1000000E-01
 5.2000000E-01
 5.3000000E-01
 5.4000000E-01
 5.5000000E-01
 5.6000000E-01
 5.7000000E-01
 5.8000000E-01
 5.9000000E-01
 6.0000000E-01
 6.1000000E-01
 6.2000000E-01
 6.3000000E-01
 6.4000000E-01
 6.5000000E-01
 6.6000000E-01
 6.7000000E-01
 6.8000000E-01
 6.9000000E-01
 7.0000000E-01
 7.1000000E-01
 7.2000000E-01
 7.3000000E-01
 7.4000000E-01
 7.5000000E-01
 7.6000000E-01
 7.7000000E-01
 7.8000000E-01
 7.9000000E-01
 8.0000000E-01
 8.1000000E-01
 8.2000000E-01
 8.3000000E-01
 8.4000000E-01
 8.5000000E-01
 8.6000000E-01
 8.7000000E-01
 8.8000000E-01
 8.9000000E-01
 9.0000000E-01
 9.1000000E-01
 9.2000000E-01
 9.3000000E-01
 9.4000000E-01
 9.5000000E-01
 9.6000000E-01
 9.5562151E-01
 9.5366704E-01
 9.6685208E-01
 1.0000000E+00
 --------------------------------------------------------------
