 alpha flow in [10**19 1/m**3]*[m/sec]*m**2
    0.000000000000000     
                       NaN
                       NaN
                       NaN
                       NaN
                       NaN
                       NaN
                       NaN
                       NaN
                       NaN
                       NaN
                       NaN
                       NaN
                       NaN
                       NaN
                       NaN
                       NaN
                       NaN
                       NaN
                       NaN
                       NaN
                       NaN
                       NaN
                       NaN
                       NaN
                       NaN
                       NaN
                       NaN
                       NaN
                       NaN
                       NaN
                       NaN
                       NaN
                       NaN
                       NaN
                       NaN
                       NaN
                       NaN
                       NaN
                       NaN
                       NaN
                       NaN
                       NaN
                       NaN
                       NaN
                       NaN
                       NaN
                       NaN
                       NaN
                       NaN
                       NaN
                       NaN
                       NaN
                       NaN
                       NaN
                       NaN
                       NaN
                       NaN
                       NaN
                       NaN
                       NaN
                       NaN
                       NaN
                       NaN
                       NaN
                       NaN
                       NaN
                       NaN
                       NaN
                       NaN
                       NaN
                       NaN
                       NaN
                       NaN
                       NaN
                       NaN
                       NaN
                       NaN
                       NaN
                       NaN
                       NaN
                       NaN
                       NaN
                       NaN
                       NaN
                       NaN
                       NaN
                       NaN
                       NaN
                       NaN
                       NaN
                       NaN
                       NaN
                       NaN
                       NaN
                       NaN
                       NaN
                       NaN
                       NaN
                       NaN
                       NaN
