#  *original : null                                                   
# *statefile : null                                                   
#     *gfile : null                                                   
#   *cerfile : null                                                   
#      *vgen : null                                                   
#     *tgyro : null                                                   
#
# nexp
101
# nion
7
# name
D T D He He Be Ar
# type
[therm] [therm] [fast] [fast] [therm] [therm] [therm]
# masse
 5.4488739E-04
# mass
 2.0000000E+00 3.0000000E+00 2.0000000E+00 4.0000000E+00 4.0000000E+00 9.0000000E+00 4.0000000E+01
# ze
-1.0000000E+00
# z
 1.0000000E+00 1.0000000E+00 1.0000000E+00 2.0000000E+00 2.0000000E+00 4.0000000E+00 1.8000000E+01
# torfluxa | Wb/radian
 1.8322543E+00
# rcentr | m
 4.0000000E+00
# bcentr | T
 7.0000000E+00
# current | MA
 8.1000000E+01
# rho | -
  1  0.0000000E+00
  2  1.0000000E-02
  3  2.0000000E-02
  4  3.0000000E-02
  5  4.0000000E-02
  6  5.0000000E-02
  7  6.0000000E-02
  8  7.0000000E-02
  9  8.0000000E-02
 10  9.0000000E-02
 11  1.0000000E-01
 12  1.1000000E-01
 13  1.2000000E-01
 14  1.3000000E-01
 15  1.4000000E-01
 16  1.5000000E-01
 17  1.6000000E-01
 18  1.7000000E-01
 19  1.8000000E-01
 20  1.9000000E-01
 21  2.0000000E-01
 22  2.1000000E-01
 23  2.2000000E-01
 24  2.3000000E-01
 25  2.4000000E-01
 26  2.5000000E-01
 27  2.6000000E-01
 28  2.7000000E-01
 29  2.8000000E-01
 30  2.9000000E-01
 31  3.0000000E-01
 32  3.1000000E-01
 33  3.2000000E-01
 34  3.3000000E-01
 35  3.4000000E-01
 36  3.5000000E-01
 37  3.6000000E-01
 38  3.7000000E-01
 39  3.8000000E-01
 40  3.9000000E-01
 41  4.0000000E-01
 42  4.1000000E-01
 43  4.2000000E-01
 44  4.3000000E-01
 45  4.4000000E-01
 46  4.5000000E-01
 47  4.6000000E-01
 48  4.7000000E-01
 49  4.8000000E-01
 50  4.9000000E-01
 51  5.0000000E-01
 52  5.1000000E-01
 53  5.2000000E-01
 54  5.3000000E-01
 55  5.4000000E-01
 56  5.5000000E-01
 57  5.6000000E-01
 58  5.7000000E-01
 59  5.8000000E-01
 60  5.9000000E-01
 61  6.0000000E-01
 62  6.1000000E-01
 63  6.2000000E-01
 64  6.3000000E-01
 65  6.4000000E-01
 66  6.5000000E-01
 67  6.6000000E-01
 68  6.7000000E-01
 69  6.8000000E-01
 70  6.9000000E-01
 71  7.0000000E-01
 72  7.1000000E-01
 73  7.2000000E-01
 74  7.3000000E-01
 75  7.4000000E-01
 76  7.5000000E-01
 77  7.6000000E-01
 78  7.7000000E-01
 79  7.8000000E-01
 80  7.9000000E-01
 81  8.0000000E-01
 82  8.1000000E-01
 83  8.2000000E-01
 84  8.3000000E-01
 85  8.4000000E-01
 86  8.5000000E-01
 87  8.6000000E-01
 88  8.7000000E-01
 89  8.8000000E-01
 90  8.9000000E-01
 91  9.0000000E-01
 92  9.1000000E-01
 93  9.2000000E-01
 94  9.3000000E-01
 95  9.4000000E-01
 96  9.5000000E-01
 97  9.6000000E-01
 98  9.7000000E-01
 99  9.8000000E-01
100  9.9000000E-01
101  1.0000000E+00
# rmin | m
  1  0.0000000E+00
  2  1.4043261E-02
  3  2.8097873E-02
  4  4.2161900E-02
  5  5.6244385E-02
  6  7.0349892E-02
  7  8.4483074E-02
  8  9.8647666E-02
  9  1.1284670E-01
 10  1.2708120E-01
 11  1.4135190E-01
 12  1.5565839E-01
 13  1.6999785E-01
 14  1.8436660E-01
 15  1.9876159E-01
 16  2.1317933E-01
 17  2.2761893E-01
 18  2.4207949E-01
 19  2.5655877E-01
 20  2.7105724E-01
 21  2.8557240E-01
 22  3.0010317E-01
 23  3.1464723E-01
 24  3.2920288E-01
 25  3.4376820E-01
 26  3.5834121E-01
 27  3.7291984E-01
 28  3.8750202E-01
 29  4.0208567E-01
 30  4.1666876E-01
 31  4.3124937E-01
 32  4.4582535E-01
 33  4.6039451E-01
 34  4.7495480E-01
 35  4.8950440E-01
 36  5.0404157E-01
 37  5.1856471E-01
 38  5.3307223E-01
 39  5.4756264E-01
 40  5.6203459E-01
 41  5.7648672E-01
 42  5.9091769E-01
 43  6.0532643E-01
 44  6.1971189E-01
 45  6.3407287E-01
 46  6.4840833E-01
 47  6.6271750E-01
 48  6.7699921E-01
 49  6.9125277E-01
 50  7.0547725E-01
 51  7.1967183E-01
 52  7.3383571E-01
 53  7.4796823E-01
 54  7.6206847E-01
 55  7.7613592E-01
 56  7.9016972E-01
 57  8.0416922E-01
 58  8.1813383E-01
 59  8.3206279E-01
 60  8.4595541E-01
 61  8.5981110E-01
 62  8.7362926E-01
 63  8.8740922E-01
 64  9.0115021E-01
 65  9.1485152E-01
 66  9.2851256E-01
 67  9.4213261E-01
 68  9.5571008E-01
 69  9.6924235E-01
 70  9.8272492E-01
 71  9.9615284E-01
 72  1.0095201E+00
 73  1.0228201E+00
 74  1.0360455E+00
 75  1.0491887E+00
 76  1.0622413E+00
 77  1.0751948E+00
 78  1.0880399E+00
 79  1.1007673E+00
 80  1.1133672E+00
 81  1.1258296E+00
 82  1.1381439E+00
 83  1.1502999E+00
 84  1.1622869E+00
 85  1.1740936E+00
 86  1.1857096E+00
 87  1.1971262E+00
 88  1.2083394E+00
 89  1.2193513E+00
 90  1.2301713E+00
 91  1.2408184E+00
 92  1.2513213E+00
 93  1.2617078E+00
 94  1.2720085E+00
 95  1.2822384E+00
 96  1.2923859E+00
 97  1.3024127E+00
 98  1.3122532E+00
 99  1.3218009E+00
100  1.3308721E+00
101  1.3390983E+00
# polflux | Wb/radian
  1  0.0000000E+00
  2  1.0484911E-04
  3  4.1978070E-04
  4  9.4595061E-04
  5  1.6852176E-03
  6  2.6400744E-03
  7  3.8135201E-03
  8  5.2089072E-03
  9  6.8297377E-03
 10  8.6794095E-03
 11  1.0761022E-02
 12  1.3077182E-02
 13  1.5629631E-02
 14  1.8419128E-02
 15  2.1446078E-02
 16  2.4710739E-02
 17  2.8213970E-02
 18  3.1956908E-02
 19  3.5940163E-02
 20  4.0164970E-02
 21  4.4631824E-02
 22  4.9341533E-02
 23  5.4294638E-02
 24  5.9491877E-02
 25  6.4933836E-02
 26  7.0621141E-02
 27  7.6554399E-02
 28  8.2734150E-02
 29  8.9160974E-02
 30  9.5835412E-02
 31  1.0275792E-01
 32  1.0992901E-01
 33  1.1734917E-01
 34  1.2501877E-01
 35  1.3293806E-01
 36  1.4110713E-01
 37  1.4952600E-01
 38  1.5819453E-01
 39  1.6711247E-01
 40  1.7627941E-01
 41  1.8569481E-01
 42  1.9535795E-01
 43  2.0526809E-01
 44  2.1542433E-01
 45  2.2582552E-01
 46  2.3647039E-01
 47  2.4735772E-01
 48  2.5848584E-01
 49  2.6985321E-01
 50  2.8145794E-01
 51  2.9329810E-01
 52  3.0537155E-01
 53  3.1767610E-01
 54  3.3020918E-01
 55  3.4296840E-01
 56  3.5595085E-01
 57  3.6915367E-01
 58  3.8257389E-01
 59  3.9620819E-01
 60  4.1005318E-01
 61  4.2410534E-01
 62  4.3836098E-01
 63  4.5281614E-01
 64  4.6746667E-01
 65  4.8230842E-01
 66  4.9733730E-01
 67  5.1254862E-01
 68  5.2793507E-01
 69  5.4348464E-01
 70  5.5918114E-01
 71  5.7500467E-01
 72  5.9093227E-01
 73  6.0693870E-01
 74  6.2299685E-01
 75  6.3907819E-01
 76  6.5515332E-01
 77  6.7119237E-01
 78  6.8716540E-01
 79  7.0304277E-01
 80  7.1879555E-01
 81  7.3439582E-01
 82  7.4981687E-01
 83  7.6503371E-01
 84  7.8002356E-01
 85  7.9476503E-01
 86  8.0923846E-01
 87  8.2342942E-01
 88  8.3733655E-01
 89  8.5096914E-01
 90  8.6434514E-01
 91  8.7749474E-01
 92  8.9046319E-01
 93  9.0330523E-01
 94  9.1607689E-01
 95  9.2881120E-01
 96  9.4150202E-01
 97  9.5409128E-01
 98  9.6646252E-01
 99  9.7844350E-01
100  9.8977633E-01
101  1.0000000E+00
# q | -
  1  3.8528916E+00
  2  3.8504988E+00
  3  3.8433976E+00
  4  3.8318171E+00
  5  3.8161371E+00
  6  3.7968812E+00
  7  3.7747078E+00
  8  3.7503954E+00
  9  3.7248194E+00
 10  3.6989211E+00
 11  3.6736621E+00
 12  3.6499670E+00
 13  3.6286538E+00
 14  3.6102514E+00
 15  3.5945034E+00
 16  3.5803696E+00
 17  3.5669424E+00
 18  3.5542452E+00
 19  3.5423230E+00
 20  3.5311542E+00
 21  3.5206597E+00
 22  3.5107322E+00
 23  3.5012822E+00
 24  3.4922641E+00
 25  3.4836519E+00
 26  3.4754110E+00
 27  3.4674952E+00
 28  3.4598789E+00
 29  3.4525417E+00
 30  3.4454926E+00
 31  3.4387234E+00
 32  3.4321594E+00
 33  3.4258077E+00
 34  3.4197384E+00
 35  3.4139738E+00
 36  3.4085348E+00
 37  3.4034374E+00
 38  3.3987096E+00
 39  3.3943677E+00
 40  3.3904265E+00
 41  3.3869080E+00
 42  3.3838169E+00
 43  3.3811761E+00
 44  3.3789923E+00
 45  3.3772779E+00
 46  3.3760541E+00
 47  3.3753212E+00
 48  3.3750967E+00
 49  3.3753938E+00
 50  3.3762183E+00
 51  3.3775884E+00
 52  3.3795129E+00
 53  3.3820033E+00
 54  3.3850738E+00
 55  3.3887342E+00
 56  3.3930029E+00
 57  3.3978897E+00
 58  3.4034073E+00
 59  3.4095733E+00
 60  3.4163978E+00
 61  3.4239017E+00
 62  3.4321084E+00
 63  3.4410391E+00
 64  3.4507090E+00
 65  3.4610820E+00
 66  3.4721429E+00
 67  3.4841952E+00
 68  3.4981093E+00
 69  3.5149506E+00
 70  3.5354940E+00
 71  3.5605254E+00
 72  3.5906304E+00
 73  3.6263072E+00
 74  3.6680551E+00
 75  3.7163079E+00
 76  3.7714642E+00
 77  3.8339345E+00
 78  3.9041051E+00
 79  3.9823569E+00
 80  4.0690909E+00
 81  4.1646932E+00
 82  4.2695948E+00
 83  4.3840697E+00
 84  4.5084962E+00
 85  4.6435655E+00
 86  4.7896141E+00
 87  4.9446070E+00
 88  5.1040480E+00
 89  5.2650825E+00
 90  5.4230859E+00
 91  5.5707946E+00
 92  5.7007716E+00
 93  5.8069105E+00
 94  5.8915711E+00
 95  5.9699796E+00
 96  6.0623517E+00
 97  6.1985870E+00
 98  6.4123753E+00
 99  6.7522786E+00
100  7.3106986E+00
101  8.5020248E+00
# rmaj | m
  1  4.3624969E+00
  2  4.3623897E+00
  3  4.3620787E+00
  4  4.3615654E+00
  5  4.3608477E+00
  6  4.3599328E+00
  7  4.3588215E+00
  8  4.3575203E+00
  9  4.3560331E+00
 10  4.3543652E+00
 11  4.3525219E+00
 12  4.3505083E+00
 13  4.3483293E+00
 14  4.3459906E+00
 15  4.3434974E+00
 16  4.3408560E+00
 17  4.3380720E+00
 18  4.3351519E+00
 19  4.3321025E+00
 20  4.3289302E+00
 21  4.3256416E+00
 22  4.3222434E+00
 23  4.3187427E+00
 24  4.3151461E+00
 25  4.3114605E+00
 26  4.3076927E+00
 27  4.3038492E+00
 28  4.2999370E+00
 29  4.2959622E+00
 30  4.2919311E+00
 31  4.2878501E+00
 32  4.2837253E+00
 33  4.2795627E+00
 34  4.2753683E+00
 35  4.2711469E+00
 36  4.2669031E+00
 37  4.2626410E+00
 38  4.2583644E+00
 39  4.2540765E+00
 40  4.2497808E+00
 41  4.2454798E+00
 42  4.2411764E+00
 43  4.2368729E+00
 44  4.2325716E+00
 45  4.2282744E+00
 46  4.2239834E+00
 47  4.2197002E+00
 48  4.2154264E+00
 49  4.2111635E+00
 50  4.2069129E+00
 51  4.2026759E+00
 52  4.1984535E+00
 53  4.1942469E+00
 54  4.1900571E+00
 55  4.1858849E+00
 56  4.1817313E+00
 57  4.1775969E+00
 58  4.1734825E+00
 59  4.1693888E+00
 60  4.1653162E+00
 61  4.1612654E+00
 62  4.1572370E+00
 63  4.1532313E+00
 64  4.1492489E+00
 65  4.1452900E+00
 66  4.1413548E+00
 67  4.1374434E+00
 68  4.1335564E+00
 69  4.1296928E+00
 70  4.1258511E+00
 71  4.1220295E+00
 72  4.1182263E+00
 73  4.1144395E+00
 74  4.1106667E+00
 75  4.1069059E+00
 76  4.1031554E+00
 77  4.0994133E+00
 78  4.0956783E+00
 79  4.0919494E+00
 80  4.0882265E+00
 81  4.0845095E+00
 82  4.0807991E+00
 83  4.0770968E+00
 84  4.0734047E+00
 85  4.0697246E+00
 86  4.0660580E+00
 87  4.0624076E+00
 88  4.0587771E+00
 89  4.0551665E+00
 90  4.0515740E+00
 91  4.0479946E+00
 92  4.0444178E+00
 93  4.0408219E+00
 94  4.0371809E+00
 95  4.0334755E+00
 96  4.0296976E+00
 97  4.0258639E+00
 98  4.0220232E+00
 99  4.0182366E+00
100  4.0145953E+00
101  4.0112708E+00
# zmag | m
  1 -9.6006624E-05
  2 -9.5690906E-05
  3 -9.5692674E-05
  4 -9.5897142E-05
  5 -9.6074330E-05
  6 -9.6317097E-05
  7 -9.6615909E-05
  8 -9.7011204E-05
  9 -9.7513790E-05
 10 -9.8108440E-05
 11 -9.8806043E-05
 12 -9.9622967E-05
 13 -1.0056246E-04
 14 -1.0164060E-04
 15 -1.0287411E-04
 16 -1.0426189E-04
 17 -1.0580739E-04
 18 -1.0752678E-04
 19 -1.0943039E-04
 20 -1.1151897E-04
 21 -1.1379539E-04
 22 -1.1626161E-04
 23 -1.1892069E-04
 24 -1.2177519E-04
 25 -1.2482231E-04
 26 -1.2806216E-04
 27 -1.3149307E-04
 28 -1.3511276E-04
 29 -1.3891805E-04
 30 -1.4290466E-04
 31 -1.4706816E-04
 32 -1.5140288E-04
 33 -1.5590585E-04
 34 -1.6057089E-04
 35 -1.6539171E-04
 36 -1.7036506E-04
 37 -1.7548543E-04
 38 -1.8074754E-04
 39 -1.8614588E-04
 40 -1.9167509E-04
 41 -1.9733016E-04
 42 -2.0310560E-04
 43 -2.0899766E-04
 44 -2.1500047E-04
 45 -2.2110844E-04
 46 -2.2731658E-04
 47 -2.3361841E-04
 48 -2.4000990E-04
 49 -2.4648532E-04
 50 -2.5303836E-04
 51 -2.5966587E-04
 52 -2.6636125E-04
 53 -2.7311832E-04
 54 -2.7993198E-04
 55 -2.8679587E-04
 56 -2.9370591E-04
 57 -3.0065671E-04
 58 -3.0764330E-04
 59 -3.1466079E-04
 60 -3.2170208E-04
 61 -3.2876181E-04
 62 -3.3583367E-04
 63 -3.4291390E-04
 64 -3.5000237E-04
 65 -3.5709360E-04
 66 -3.6417022E-04
 67 -3.7121265E-04
 68 -3.7825629E-04
 69 -3.8530515E-04
 70 -3.9231511E-04
 71 -3.9932212E-04
 72 -4.0632844E-04
 73 -4.1332631E-04
 74 -4.2033738E-04
 75 -4.2736108E-04
 76 -4.3439590E-04
 77 -4.4145323E-04
 78 -4.4853479E-04
 79 -4.5563104E-04
 80 -4.6273753E-04
 81 -4.6986359E-04
 82 -4.7701859E-04
 83 -4.8414030E-04
 84 -4.9119764E-04
 85 -4.9812832E-04
 86 -5.0507003E-04
 87 -5.1204367E-04
 88 -5.1860200E-04
 89 -5.2473823E-04
 90 -5.3030393E-04
 91 -5.3505644E-04
 92 -5.3924495E-04
 93 -5.4168839E-04
 94 -5.4240483E-04
 95 -5.4224195E-04
 96 -5.3923448E-04
 97 -5.3378668E-04
 98 -5.2572069E-04
 99 -5.1309819E-04
100 -4.9044810E-04
101 -4.2905151E-04
# kappa | -
  1  1.8869524E+00
  2  1.8860082E+00
  3  1.8831756E+00
  4  1.8811561E+00
  5  1.8782490E+00
  6  1.8747130E+00
  7  1.8706113E+00
  8  1.8659921E+00
  9  1.8609912E+00
 10  1.8556909E+00
 11  1.8501890E+00
 12  1.8445959E+00
 13  1.8389847E+00
 14  1.8334226E+00
 15  1.8279597E+00
 16  1.8225976E+00
 17  1.8173079E+00
 18  1.8120861E+00
 19  1.8069325E+00
 20  1.8018470E+00
 21  1.7968363E+00
 22  1.7919043E+00
 23  1.7870577E+00
 24  1.7823032E+00
 25  1.7776444E+00
 26  1.7730887E+00
 27  1.7686413E+00
 28  1.7643075E+00
 29  1.7600930E+00
 30  1.7560014E+00
 31  1.7520375E+00
 32  1.7482047E+00
 33  1.7445079E+00
 34  1.7409503E+00
 35  1.7375320E+00
 36  1.7342535E+00
 37  1.7311134E+00
 38  1.7281107E+00
 39  1.7252441E+00
 40  1.7225109E+00
 41  1.7199098E+00
 42  1.7174382E+00
 43  1.7150940E+00
 44  1.7128750E+00
 45  1.7107788E+00
 46  1.7088035E+00
 47  1.7069467E+00
 48  1.7052065E+00
 49  1.7035811E+00
 50  1.7020682E+00
 51  1.7006664E+00
 52  1.6993739E+00
 53  1.6981891E+00
 54  1.6971108E+00
 55  1.6961373E+00
 56  1.6952676E+00
 57  1.6945006E+00
 58  1.6938352E+00
 59  1.6932708E+00
 60  1.6928065E+00
 61  1.6924417E+00
 62  1.6921755E+00
 63  1.6920074E+00
 64  1.6919384E+00
 65  1.6919691E+00
 66  1.6920983E+00
 67  1.6923228E+00
 68  1.6926450E+00
 69  1.6930803E+00
 70  1.6936404E+00
 71  1.6943438E+00
 72  1.6952128E+00
 73  1.6962685E+00
 74  1.6975375E+00
 75  1.6990461E+00
 76  1.7008224E+00
 77  1.7028974E+00
 78  1.7053041E+00
 79  1.7080764E+00
 80  1.7112538E+00
 81  1.7148760E+00
 82  1.7189896E+00
 83  1.7236422E+00
 84  1.7288857E+00
 85  1.7347834E+00
 86  1.7414099E+00
 87  1.7488354E+00
 88  1.7570929E+00
 89  1.7662053E+00
 90  1.7761582E+00
 91  1.7868957E+00
 92  1.7982649E+00
 93  1.8100721E+00
 94  1.8220766E+00
 95  1.8341653E+00
 96  1.8464141E+00
 97  1.8592480E+00
 98  1.8733968E+00
 99  1.8902177E+00
100  1.9119422E+00
101  1.9453682E+00
# delta | -
  1  0.0000000E+00
  2  8.5670471E-03
  3  1.7329059E-02
  4  2.5971533E-02
  5  3.4340676E-02
  6  4.2511987E-02
  7  5.0396237E-02
  8  5.7986751E-02
  9  6.5258829E-02
 10  7.2203844E-02
 11  7.8843137E-02
 12  8.5196618E-02
 13  9.1291327E-02
 14  9.7145034E-02
 15  1.0275640E-01
 16  1.0812514E-01
 17  1.1325329E-01
 18  1.1814345E-01
 19  1.2279717E-01
 20  1.2722682E-01
 21  1.3144348E-01
 22  1.3545657E-01
 23  1.3927578E-01
 24  1.4291027E-01
 25  1.4637180E-01
 26  1.4966919E-01
 27  1.5281132E-01
 28  1.5580883E-01
 29  1.5867225E-01
 30  1.6141034E-01
 31  1.6403001E-01
 32  1.6654190E-01
 33  1.6895745E-01
 34  1.7128460E-01
 35  1.7353083E-01
 36  1.7570659E-01
 37  1.7782120E-01
 38  1.7988444E-01
 39  1.8190332E-01
 40  1.8388490E-01
 41  1.8583572E-01
 42  1.8776164E-01
 43  1.8966795E-01
 44  1.9155958E-01
 45  1.9344084E-01
 46  1.9531544E-01
 47  1.9718800E-01
 48  1.9906108E-01
 49  2.0093813E-01
 50  2.0282210E-01
 51  2.0471517E-01
 52  2.0662037E-01
 53  2.0853933E-01
 54  2.1047483E-01
 55  2.1242886E-01
 56  2.1440290E-01
 57  2.1639904E-01
 58  2.1841852E-01
 59  2.2046442E-01
 60  2.2253810E-01
 61  2.2464070E-01
 62  2.2677369E-01
 63  2.2895806E-01
 64  2.3119598E-01
 65  2.3347123E-01
 66  2.3578661E-01
 67  2.3814687E-01
 68  2.4055178E-01
 69  2.4302097E-01
 70  2.4557753E-01
 71  2.4824517E-01
 72  2.5105218E-01
 73  2.5402708E-01
 74  2.5720132E-01
 75  2.6060733E-01
 76  2.6428227E-01
 77  2.6826496E-01
 78  2.7259263E-01
 79  2.7731125E-01
 80  2.8246471E-01
 81  2.8810736E-01
 82  2.9430865E-01
 83  3.0111705E-01
 84  3.0860778E-01
 85  3.1687063E-01
 86  3.2603082E-01
 87  3.3617503E-01
 88  3.4732653E-01
 89  3.5942685E-01
 90  3.7231645E-01
 91  3.8572734E-01
 92  3.9929690E-01
 93  4.1262797E-01
 94  4.2553190E-01
 95  4.3800833E-01
 96  4.5022592E-01
 97  4.6282436E-01
 98  4.7647485E-01
 99  4.9238001E-01
100  5.1263606E-01
101  5.4492366E-01
# zeta | -
  1  0.0000000E+00
  2 -2.6497618E-03
  3 -5.8798735E-03
  4 -8.9450732E-03
  5 -1.1518761E-02
  6 -1.4112329E-02
  7 -1.6618021E-02
  8 -1.8970915E-02
  9 -2.1248394E-02
 10 -2.3466184E-02
 11 -2.5623298E-02
 12 -2.7737615E-02
 13 -2.9804296E-02
 14 -3.1842690E-02
 15 -3.3872516E-02
 16 -3.5885057E-02
 17 -3.7858281E-02
 18 -3.9786261E-02
 19 -4.1672830E-02
 20 -4.3517200E-02
 21 -4.5318166E-02
 22 -4.7077617E-02
 23 -4.8796612E-02
 24 -5.0476357E-02
 25 -5.2118140E-02
 26 -5.3723854E-02
 27 -5.5294195E-02
 28 -5.6831574E-02
 29 -5.8337251E-02
 30 -5.9812073E-02
 31 -6.1260160E-02
 32 -6.2680858E-02
 33 -6.4074351E-02
 34 -6.5442759E-02
 35 -6.6786661E-02
 36 -6.8106132E-02
 37 -6.9401152E-02
 38 -7.0671298E-02
 39 -7.1916766E-02
 40 -7.3137702E-02
 41 -7.4334928E-02
 42 -7.5508585E-02
 43 -7.6659636E-02
 44 -7.7788776E-02
 45 -7.8896408E-02
 46 -7.9984025E-02
 47 -8.1051798E-02
 48 -8.2100912E-02
 49 -8.3132463E-02
 50 -8.4147229E-02
 51 -8.5146570E-02
 52 -8.6131108E-02
 53 -8.7102277E-02
 54 -8.8060975E-02
 55 -8.9008147E-02
 56 -8.9945284E-02
 57 -9.0873247E-02
 58 -9.1793434E-02
 59 -9.2706593E-02
 60 -9.3613738E-02
 61 -9.4516306E-02
 62 -9.5415434E-02
 63 -9.6312710E-02
 64 -9.7209208E-02
 65 -9.8106466E-02
 66 -9.9004149E-02
 67 -9.9899860E-02
 68 -1.0079741E-01
 69 -1.0169985E-01
 70 -1.0260601E-01
 71 -1.0351969E-01
 72 -1.0444474E-01
 73 -1.0538350E-01
 74 -1.0634103E-01
 75 -1.0732218E-01
 76 -1.0833055E-01
 77 -1.0937106E-01
 78 -1.1045072E-01
 79 -1.1157363E-01
 80 -1.1274900E-01
 81 -1.1398113E-01
 82 -1.1527362E-01
 83 -1.1664040E-01
 84 -1.1808739E-01
 85 -1.1962158E-01
 86 -1.2124499E-01
 87 -1.2297346E-01
 88 -1.2482093E-01
 89 -1.2683006E-01
 90 -1.2906779E-01
 91 -1.3162659E-01
 92 -1.3457644E-01
 93 -1.3794690E-01
 94 -1.4164948E-01
 95 -1.4560619E-01
 96 -1.4975838E-01
 97 -1.5411278E-01
 98 -1.5887698E-01
 99 -1.6444311E-01
100 -1.7140198E-01
101 -1.8118339E-01
# ne | 10^19/m^3
  1  2.6259569E+01
  2  2.6259569E+01
  3  2.6219218E+01
  4  2.6175992E+01
  5  2.6129928E+01
  6  2.6081065E+01
  7  2.6029440E+01
  8  2.5975090E+01
  9  2.5918054E+01
 10  2.5858369E+01
 11  2.5796073E+01
 12  2.5731204E+01
 13  2.5663799E+01
 14  2.5593896E+01
 15  2.5521533E+01
 16  2.5446748E+01
 17  2.5369578E+01
 18  2.5290061E+01
 19  2.5208235E+01
 20  2.5124137E+01
 21  2.5037805E+01
 22  2.4949278E+01
 23  2.4858592E+01
 24  2.4765785E+01
 25  2.4670895E+01
 26  2.4573960E+01
 27  2.4475018E+01
 28  2.4374106E+01
 29  2.4271262E+01
 30  2.4166524E+01
 31  2.4059930E+01
 32  2.3951516E+01
 33  2.3841321E+01
 34  2.3729383E+01
 35  2.3615740E+01
 36  2.3500428E+01
 37  2.3383487E+01
 38  2.3264952E+01
 39  2.3144863E+01
 40  2.3023258E+01
 41  2.2900172E+01
 42  2.2775646E+01
 43  2.2649715E+01
 44  2.2522418E+01
 45  2.2393793E+01
 46  2.2263878E+01
 47  2.2132709E+01
 48  2.2000325E+01
 49  2.1866764E+01
 50  2.1732063E+01
 51  2.1596260E+01
 52  2.1459393E+01
 53  2.1321499E+01
 54  2.1182616E+01
 55  2.1042782E+01
 56  2.0902035E+01
 57  2.0760411E+01
 58  2.0617950E+01
 59  2.0474688E+01
 60  2.0330664E+01
 61  2.0185914E+01
 62  2.0040476E+01
 63  1.9894388E+01
 64  1.9747686E+01
 65  1.9600407E+01
 66  1.9452588E+01
 67  1.9304264E+01
 68  1.9155470E+01
 69  1.9006238E+01
 70  1.8856600E+01
 71  1.8706581E+01
 72  1.8556205E+01
 73  1.8405485E+01
 74  1.8254422E+01
 75  1.8103002E+01
 76  1.7951184E+01
 77  1.7798885E+01
 78  1.7645968E+01
 79  1.7492207E+01
 80  1.7337248E+01
 81  1.7180545E+01
 82  1.7021270E+01
 83  1.6858175E+01
 84  1.6689398E+01
 85  1.6512181E+01
 86  1.6322476E+01
 87  1.6114408E+01
 88  1.5879594E+01
 89  1.5606357E+01
 90  1.5279041E+01
 91  1.4877861E+01
 92  1.4380188E+01
 93  1.3764518E+01
 94  1.3018194E+01
 95  1.2148061E+01
 96  1.1189334E+01
 97  1.0204774E+01
 98  9.2695791E+00
 99  8.4481515E+00
100  7.7766380E+00
101  7.2601248E+00
# te | keV
  1  1.5864111E+01
  2  1.5864111E+01
  3  1.5805140E+01
  4  1.5741355E+01
  5  1.5672860E+01
  6  1.5599759E+01
  7  1.5522157E+01
  8  1.5440158E+01
  9  1.5353866E+01
 10  1.5263386E+01
 11  1.5168822E+01
 12  1.5070279E+01
 13  1.4967860E+01
 14  1.4861670E+01
 15  1.4751813E+01
 16  1.4638394E+01
 17  1.4521517E+01
 18  1.4401287E+01
 19  1.4277807E+01
 20  1.4151182E+01
 21  1.4021517E+01
 22  1.3888915E+01
 23  1.3753481E+01
 24  1.3615319E+01
 25  1.3474534E+01
 26  1.3331231E+01
 27  1.3185512E+01
 28  1.3037483E+01
 29  1.2887248E+01
 30  1.2734911E+01
 31  1.2580578E+01
 32  1.2424351E+01
 33  1.2266335E+01
 34  1.2106635E+01
 35  1.1945355E+01
 36  1.1782599E+01
 37  1.1618472E+01
 38  1.1453077E+01
 39  1.1286520E+01
 40  1.1118905E+01
 41  1.0950336E+01
 42  1.0780917E+01
 43  1.0610752E+01
 44  1.0439947E+01
 45  1.0268604E+01
 46  1.0096830E+01
 47  9.9247268E+00
 48  9.7524003E+00
 49  9.5799544E+00
 50  9.4074934E+00
 51  9.2351217E+00
 52  9.0629435E+00
 53  8.8910633E+00
 54  8.7195853E+00
 55  8.5486139E+00
 56  8.3782533E+00
 57  8.2086081E+00
 58  8.0397823E+00
 59  7.8718805E+00
 60  7.7050068E+00
 61  7.5392657E+00
 62  7.3747614E+00
 63  7.2115982E+00
 64  7.0498805E+00
 65  6.8897124E+00
 66  6.7311981E+00
 67  6.5744418E+00
 68  6.4195474E+00
 69  6.2666188E+00
 70  6.1157594E+00
 71  5.9670722E+00
 72  5.8206596E+00
 73  5.6766225E+00
 74  5.5350601E+00
 75  5.3960686E+00
 76  5.2597393E+00
 77  5.1261565E+00
 78  4.9953925E+00
 79  4.8675012E+00
 80  4.7425076E+00
 81  4.6203910E+00
 82  4.5010587E+00
 83  4.3843046E+00
 84  4.2697450E+00
 85  4.1567173E+00
 86  4.0441260E+00
 87  3.9302068E+00
 88  3.8121818E+00
 89  3.6857761E+00
 90  3.5446079E+00
 91  3.3795744E+00
 92  3.1786280E+00
 93  2.9278050E+00
 94  2.6148338E+00
 95  2.2361586E+00
 96  1.8052866E+00
 97  1.3556965E+00
 98  9.3165648E-01
 99  5.7050424E-01
100  2.8971676E-01
101  8.6880528E-02
# ti | keV
  1  1.3771749E+01  1.3771749E+01  3.6980380E+02  1.3963027E+03  1.3771749E+01  1.3771749E+01  1.3771749E+01
  2  1.3771749E+01  1.3771749E+01  3.6911139E+02  1.3964736E+03  1.3771749E+01  1.3771749E+01  1.3771749E+01
  3  1.3722953E+01  1.3722953E+01  3.6698061E+02  1.3979750E+03  1.3722953E+01  1.3722953E+01  1.3722953E+01
  4  1.3670179E+01  1.3670179E+01  3.6377071E+02  1.4022493E+03  1.3670179E+01  1.3670179E+01  1.3670179E+01
  5  1.3613512E+01  1.3613512E+01  3.6036499E+02  1.4093853E+03  1.3613512E+01  1.3613512E+01  1.3613512E+01
  6  1.3553040E+01  1.3553040E+01  3.5735739E+02  1.4192059E+03  1.3553040E+01  1.3553040E+01  1.3553040E+01
  7  1.3488847E+01  1.3488847E+01  3.5482866E+02  1.4315628E+03  1.3488847E+01  1.3488847E+01  1.3488847E+01
  8  1.3421021E+01  1.3421021E+01  3.5286170E+02  1.4446059E+03  1.3421021E+01  1.3421021E+01  1.3421021E+01
  9  1.3349647E+01  1.3349647E+01  3.5154556E+02  1.4551904E+03  1.3349647E+01  1.3349647E+01  1.3349647E+01
 10  1.3274812E+01  1.3274812E+01  3.5082827E+02  1.4610587E+03  1.3274812E+01  1.3274812E+01  1.3274812E+01
 11  1.3196602E+01  1.3196602E+01  3.5070898E+02  1.4612637E+03  1.3196602E+01  1.3196602E+01  1.3196602E+01
 12  1.3115103E+01  1.3115103E+01  3.5126644E+02  1.4555359E+03  1.3115103E+01  1.3115103E+01  1.3115103E+01
 13  1.3030401E+01  1.3030401E+01  3.5254206E+02  1.4449227E+03  1.3030401E+01  1.3030401E+01  1.3030401E+01
 14  1.2942583E+01  1.2942583E+01  3.5442036E+02  1.4318276E+03  1.2942583E+01  1.2942583E+01  1.2942583E+01
 15  1.2851734E+01  1.2851734E+01  3.5647713E+02  1.4189414E+03  1.2851734E+01  1.2851734E+01  1.2851734E+01
 16  1.2757942E+01  1.2757942E+01  3.5816968E+02  1.4079977E+03  1.2757942E+01  1.2757942E+01  1.2757942E+01
 17  1.2661291E+01  1.2661291E+01  3.5926769E+02  1.3995922E+03  1.2661291E+01  1.2661291E+01  1.2661291E+01
 18  1.2561869E+01  1.2561869E+01  3.5978082E+02  1.3937169E+03  1.2561869E+01  1.2561869E+01  1.2561869E+01
 19  1.2459761E+01  1.2459761E+01  3.5969481E+02  1.3893570E+03  1.2459761E+01  1.2459761E+01  1.2459761E+01
 20  1.2355054E+01  1.2355054E+01  3.5912251E+02  1.3849087E+03  1.2355054E+01  1.2355054E+01  1.2355054E+01
 21  1.2247834E+01  1.2247834E+01  3.5834294E+02  1.3797566E+03  1.2247834E+01  1.2247834E+01  1.2247834E+01
 22  1.2138187E+01  1.2138187E+01  3.5748770E+02  1.3743838E+03  1.2138187E+01  1.2138187E+01  1.2138187E+01
 23  1.2026199E+01  1.2026199E+01  3.5650792E+02  1.3688579E+03  1.2026199E+01  1.2026199E+01  1.2026199E+01
 24  1.1911957E+01  1.1911957E+01  3.5542884E+02  1.3635055E+03  1.1911957E+01  1.1911957E+01  1.1911957E+01
 25  1.1795546E+01  1.1795546E+01  3.5436563E+02  1.3593069E+03  1.1795546E+01  1.1795546E+01  1.1795546E+01
 26  1.1677053E+01  1.1677053E+01  3.5330137E+02  1.3562356E+03  1.1677053E+01  1.1677053E+01  1.1677053E+01
 27  1.1556565E+01  1.1556565E+01  3.5208493E+02  1.3535067E+03  1.1556565E+01  1.1556565E+01  1.1556565E+01
 28  1.1434167E+01  1.1434167E+01  3.5062402E+02  1.3508475E+03  1.1434167E+01  1.1434167E+01  1.1434167E+01
 29  1.1309945E+01  1.1309945E+01  3.4899580E+02  1.3481037E+03  1.1309945E+01  1.1309945E+01  1.1309945E+01
 30  1.1183986E+01  1.1183986E+01  3.4736251E+02  1.3447019E+03  1.1183986E+01  1.1183986E+01  1.1183986E+01
 31  1.1056376E+01  1.1056376E+01  3.4591012E+02  1.3405021E+03  1.1056376E+01  1.1056376E+01  1.1056376E+01
 32  1.0927201E+01  1.0927201E+01  3.4484095E+02  1.3357792E+03  1.0927201E+01  1.0927201E+01  1.0927201E+01
 33  1.0796547E+01  1.0796547E+01  3.4427152E+02  1.3306537E+03  1.0796547E+01  1.0796547E+01  1.0796547E+01
 34  1.0664501E+01  1.0664501E+01  3.4408109E+02  1.3249710E+03  1.0664501E+01  1.0664501E+01  1.0664501E+01
 35  1.0531149E+01  1.0531149E+01  3.4399740E+02  1.3188186E+03  1.0531149E+01  1.0531149E+01  1.0531149E+01
 36  1.0396576E+01  1.0396576E+01  3.4382124E+02  1.3126901E+03  1.0396576E+01  1.0396576E+01  1.0396576E+01
 37  1.0260870E+01  1.0260870E+01  3.4345242E+02  1.3067089E+03  1.0260870E+01  1.0260870E+01  1.0260870E+01
 38  1.0124116E+01  1.0124116E+01  3.4285491E+02  1.3009038E+03  1.0124116E+01  1.0124116E+01  1.0124116E+01
 39  9.9864003E+00  9.9864003E+00  3.4201388E+02  1.2958798E+03  9.9864003E+00  9.9864003E+00  9.9864003E+00
 40  9.8478095E+00  9.8478095E+00  3.4096369E+02  1.2918877E+03  9.8478095E+00  9.8478095E+00  9.8478095E+00
 41  9.7084297E+00  9.7084297E+00  3.3978655E+02  1.2880361E+03  9.7084297E+00  9.7084297E+00  9.7084297E+00
 42  9.5683470E+00  9.5683470E+00  3.3844361E+02  1.2833003E+03  9.5683470E+00  9.5683470E+00  9.5683470E+00
 43  9.4276476E+00  9.4276476E+00  3.3685439E+02  1.2770877E+03  9.4276476E+00  9.4276476E+00  9.4276476E+00
 44  9.2864178E+00  9.2864178E+00  3.3519829E+02  1.2687350E+03  9.2864178E+00  9.2864178E+00  9.2864178E+00
 45  9.1447437E+00  9.1447437E+00  3.3366407E+02  1.2580900E+03  9.1447437E+00  9.1447437E+00  9.1447437E+00
 46  9.0027116E+00  9.0027116E+00  3.3212879E+02  1.2462524E+03  9.0027116E+00  9.0027116E+00  9.0027116E+00
 47  8.8604076E+00  8.8604076E+00  3.3057634E+02  1.2346294E+03  8.8604076E+00  8.8604076E+00  8.8604076E+00
 48  8.7179179E+00  8.7179179E+00  3.2917076E+02  1.2240066E+03  8.7179179E+00  8.7179179E+00  8.7179179E+00
 49  8.5753288E+00  8.5753288E+00  3.2778763E+02  1.2151212E+03  8.5753288E+00  8.5753288E+00  8.5753288E+00
 50  8.4327264E+00  8.4327264E+00  3.2614703E+02  1.2088221E+03  8.4327264E+00  8.4327264E+00  8.4327264E+00
 51  8.2901970E+00  8.2901970E+00  3.2431767E+02  1.2045178E+03  8.2901970E+00  8.2901970E+00  8.2901970E+00
 52  8.1478267E+00  8.1478267E+00  3.2254111E+02  1.2010595E+03  8.1478267E+00  8.1478267E+00  8.1478267E+00
 53  8.0057018E+00  8.0057018E+00  3.2089986E+02  1.1983808E+03  8.0057018E+00  8.0057018E+00  8.0057018E+00
 54  7.8639084E+00  7.8639084E+00  3.1942925E+02  1.1962568E+03  7.8639084E+00  7.8639084E+00  7.8639084E+00
 55  7.7225327E+00  7.7225327E+00  3.1825475E+02  1.1936274E+03  7.7225327E+00  7.7225327E+00  7.7225327E+00
 56  7.5816610E+00  7.5816610E+00  3.1739903E+02  1.1909362E+03  7.5816610E+00  7.5816610E+00  7.5816610E+00
 57  7.4413795E+00  7.4413795E+00  3.1661602E+02  1.1895688E+03  7.4413795E+00  7.4413795E+00  7.4413795E+00
 58  7.3017743E+00  7.3017743E+00  3.1560578E+02  1.1892857E+03  7.3017743E+00  7.3017743E+00  7.3017743E+00
 59  7.1629316E+00  7.1629316E+00  3.1425224E+02  1.1895270E+03  7.1629316E+00  7.1629316E+00  7.1629316E+00
 60  7.0249377E+00  7.0249377E+00  3.1258841E+02  1.1902729E+03  7.0249377E+00  7.0249377E+00  7.0249377E+00
 61  6.8878786E+00  6.8878786E+00  3.1066839E+02  1.1906816E+03  6.8878786E+00  6.8878786E+00  6.8878786E+00
 62  6.7518407E+00  6.7518407E+00  3.0863441E+02  1.1897394E+03  6.7518407E+00  6.7518407E+00  6.7518407E+00
 63  6.6169100E+00  6.6169100E+00  3.0665892E+02  1.1878363E+03  6.6169100E+00  6.6169100E+00  6.6169100E+00
 64  6.4831726E+00  6.4831726E+00  3.0486570E+02  1.1850646E+03  6.4831726E+00  6.4831726E+00  6.4831726E+00
 65  6.3507147E+00  6.3507147E+00  3.0335035E+02  1.1811593E+03  6.3507147E+00  6.3507147E+00  6.3507147E+00
 66  6.2196222E+00  6.2196222E+00  3.0207250E+02  1.1764192E+03  6.2196222E+00  6.2196222E+00  6.2196222E+00
 67  6.0899812E+00  6.0899812E+00  3.0080261E+02  1.1704308E+03  6.0899812E+00  6.0899812E+00  6.0899812E+00
 68  5.9618772E+00  5.9618772E+00  2.9937672E+02  1.1614639E+03  5.9618772E+00  5.9618772E+00  5.9618772E+00
 69  5.8353959E+00  5.8353959E+00  2.9775618E+02  1.1492354E+03  5.8353959E+00  5.8353959E+00  5.8353959E+00
 70  5.7106224E+00  5.7106224E+00  2.9584625E+02  1.1347123E+03  5.7106224E+00  5.7106224E+00  5.7106224E+00
 71  5.5876411E+00  5.5876411E+00  2.9359571E+02  1.1190397E+03  5.5876411E+00  5.5876411E+00  5.5876411E+00
 72  5.4665357E+00  5.4665357E+00  2.9116619E+02  1.1046560E+03  5.4665357E+00  5.4665357E+00  5.4665357E+00
 73  5.3473882E+00  5.3473882E+00  2.8879247E+02  1.0951200E+03  5.3473882E+00  5.3473882E+00  5.3473882E+00
 74  5.2302783E+00  5.2302783E+00  2.8666825E+02  1.0924189E+03  5.2302783E+00  5.2302783E+00  5.2302783E+00
 75  5.1152821E+00  5.1152821E+00  2.8499288E+02  1.0966749E+03  5.1152821E+00  5.1152821E+00  5.1152821E+00
 76  5.0024702E+00  5.0024702E+00  2.8396355E+02  1.1063186E+03  5.0024702E+00  5.0024702E+00  5.0024702E+00
 77  4.8919039E+00  4.8919039E+00  2.8365055E+02  1.1169319E+03  4.8919039E+00  4.8919039E+00  4.8919039E+00
 78  4.7836311E+00  4.7836311E+00  2.8391091E+02  1.1239493E+03  4.7836311E+00  4.7836311E+00  4.7836311E+00
 79  4.6776777E+00  4.6776777E+00  2.8446980E+02  1.1255112E+03  4.6776777E+00  4.6776777E+00  4.6776777E+00
 80  4.5740359E+00  4.5740359E+00  2.8506312E+02  1.1200201E+03  4.5740359E+00  4.5740359E+00  4.5740359E+00
 81  4.4726448E+00  4.4726448E+00  2.8567985E+02  1.1072663E+03  4.4726448E+00  4.4726448E+00  4.4726448E+00
 82  4.3733609E+00  4.3733609E+00  2.8655553E+02  1.0918301E+03  4.3733609E+00  4.3733609E+00  4.3733609E+00
 83  4.2759118E+00  4.2759118E+00  2.8795254E+02  1.0787808E+03  4.2759118E+00  4.2759118E+00  4.2759118E+00
 84  4.1798246E+00  4.1798246E+00  2.8991361E+02  1.0715392E+03  4.1798246E+00  4.1798246E+00  4.1798246E+00
 85  4.0843155E+00  4.0843155E+00  2.9218007E+02  1.0766418E+03  4.0843155E+00  4.0843155E+00  4.0843155E+00
 86  3.9881223E+00  3.9881223E+00  2.9409986E+02  1.1014725E+03  3.9881223E+00  3.9881223E+00  3.9881223E+00
 87  3.8892543E+00  3.8892543E+00  2.9484038E+02  1.1494361E+03  3.8892543E+00  3.8892543E+00  3.8892543E+00
 88  3.7846316E+00  3.7846316E+00  2.9398105E+02  1.2216465E+03  3.7846316E+00  3.7846316E+00  3.7846316E+00
 89  3.6695961E+00  3.6695961E+00  2.9195950E+02  1.3150623E+03  3.6695961E+00  3.6695961E+00  3.6695961E+00
 90  3.5373210E+00  3.5373210E+00  2.9008870E+02  1.4202302E+03  3.5373210E+00  3.5373210E+00  3.5373210E+00
 91  3.3782766E+00  3.3782766E+00  2.9008701E+02  1.5262843E+03  3.3782766E+00  3.3782766E+00  3.3782766E+00
 92  3.1801879E+00  3.1801879E+00  2.9373321E+02  1.6238810E+03  3.1801879E+00  3.1801879E+00  3.1801879E+00
 93  2.9293624E+00  2.9293624E+00  3.0248907E+02  1.7078166E+03  2.9293624E+00  2.9293624E+00  2.9293624E+00
 94  2.6145900E+00  2.6145900E+00  3.1715527E+02  1.7823350E+03  2.6145900E+00  2.6145900E+00  2.6145900E+00
 95  2.2340917E+00  2.2340917E+00  3.3793174E+02  1.8597897E+03  2.2340917E+00  2.2340917E+00  2.2340917E+00
 96  1.8030298E+00  1.8030298E+00  3.6475033E+02  1.9527780E+03  1.8030298E+00  1.8030298E+00  1.8030298E+00
 97  1.3551576E+00  1.3551576E+00  3.9659469E+02  2.0689317E+03  1.3551576E+00  1.3551576E+00  1.3551576E+00
 98  9.3329932E-01  9.3329932E-01  4.3123564E+02  2.2073233E+03  9.3329932E-01  9.3329932E-01  9.3329932E-01
 99  5.7289503E-01  5.7289503E-01  4.6593634E+02  2.3569257E+03  5.7289503E-01  5.7289503E-01  5.7289503E-01
100  2.9057899E-01  2.9057899E-01  4.9750475E+02  2.4999030E+03  2.9057899E-01  2.9057899E-01  2.9057899E-01
101  8.4393685E-02  8.4393685E-02  5.1207942E+02  2.5670708E+03  8.4393685E-02  8.4393685E-02  8.4393685E-02
# ptot | Pa
  1  1.3039994E+06
  2  1.3034991E+06
  3  1.2980940E+06
  4  1.2920726E+06
  5  1.2860159E+06
  6  1.2800870E+06
  7  1.2741969E+06
  8  1.2680925E+06
  9  1.2614615E+06
 10  1.2541647E+06
 11  1.2463909E+06
 12  1.2383367E+06
 13  1.2301828E+06
 14  1.2220390E+06
 15  1.2138994E+06
 16  1.2056151E+06
 17  1.1970879E+06
 18  1.1882180E+06
 19  1.1788733E+06
 20  1.1689501E+06
 21  1.1584611E+06
 22  1.1473932E+06
 23  1.1357702E+06
 24  1.1236946E+06
 25  1.1113572E+06
 26  1.0988741E+06
 27  1.0863719E+06
 28  1.0739250E+06
 29  1.0615879E+06
 30  1.0493239E+06
 31  1.0371366E+06
 32  1.0250328E+06
 33  1.0130393E+06
 34  1.0010780E+06
 35  9.8909525E+05
 36  9.7704743E+05
 37  9.6489354E+05
 38  9.5257344E+05
 39  9.4015546E+05
 40  9.2768959E+05
 41  9.1520789E+05
 42  9.0270946E+05
 43  8.9022093E+05
 44  8.7770902E+05
 45  8.6520278E+05
 46  8.5271859E+05
 47  8.4029717E+05
 48  8.2794702E+05
 49  8.1570140E+05
 50  8.0351486E+05
 51  7.9136811E+05
 52  7.7924414E+05
 53  7.6717991E+05
 54  7.5518205E+05
 55  7.4331804E+05
 56  7.3162735E+05
 57  7.2014350E+05
 58  7.0883191E+05
 59  6.9769109E+05
 60  6.8669341E+05
 61  6.7585332E+05
 62  6.6516255E+05
 63  6.5464787E+05
 64  6.4429707E+05
 65  6.3412030E+05
 66  6.2407206E+05
 67  6.1413175E+05
 68  6.0426825E+05
 69  5.9450353E+05
 70  5.8482404E+05
 71  5.7526248E+05
 72  5.6582379E+05
 73  5.5653312E+05
 74  5.4737170E+05
 75  5.3836190E+05
 76  5.2949015E+05
 77  5.2077897E+05
 78  5.1221210E+05
 79  5.0379713E+05
 80  4.9548600E+05
 81  4.8725633E+05
 82  4.7904425E+05
 83  4.7082053E+05
 84  4.6250947E+05
 85  4.5405130E+05
 86  4.4531074E+05
 87  4.3612996E+05
 88  4.2622490E+05
 89  4.1523401E+05
 90  4.0262275E+05
 91  3.8775240E+05
 92  3.6985457E+05
 93  3.4827164E+05
 94  3.2269350E+05
 95  2.9363918E+05
 96  2.6264448E+05
 97  2.3211515E+05
 98  2.0448389E+05
 99  1.8143660E+05
100  1.6348589E+05
101  1.5026712E+05
# z_eff | -
  1  1.4908855E+00
  2  1.4908855E+00
  3  1.4901722E+00
  4  1.4894023E+00
  5  1.4885773E+00
  6  1.4876982E+00
  7  1.4867664E+00
  8  1.4857832E+00
  9  1.4847499E+00
 10  1.4836679E+00
 11  1.4825385E+00
 12  1.4813633E+00
 13  1.4801436E+00
 14  1.4788809E+00
 15  1.4775768E+00
 16  1.4762329E+00
 17  1.4748507E+00
 18  1.4734320E+00
 19  1.4719784E+00
 20  1.4704917E+00
 21  1.4689738E+00
 22  1.4674263E+00
 23  1.4658514E+00
 24  1.4642509E+00
 25  1.4626269E+00
 26  1.4609814E+00
 27  1.4593166E+00
 28  1.4576345E+00
 29  1.4559375E+00
 30  1.4542277E+00
 31  1.4525076E+00
 32  1.4507793E+00
 33  1.4490454E+00
 34  1.4473081E+00
 35  1.4455700E+00
 36  1.4438335E+00
 37  1.4421011E+00
 38  1.4403752E+00
 39  1.4386584E+00
 40  1.4369530E+00
 41  1.4352616E+00
 42  1.4335865E+00
 43  1.4319302E+00
 44  1.4302951E+00
 45  1.4286833E+00
 46  1.4270972E+00
 47  1.4255388E+00
 48  1.4240103E+00
 49  1.4225137E+00
 50  1.4210507E+00
 51  1.4196232E+00
 52  1.4182327E+00
 53  1.4168807E+00
 54  1.4155686E+00
 55  1.4142977E+00
 56  1.4130688E+00
 57  1.4118829E+00
 58  1.4107407E+00
 59  1.4096428E+00
 60  1.4085895E+00
 61  1.4075811E+00
 62  1.4066176E+00
 63  1.4056988E+00
 64  1.4048245E+00
 65  1.4039943E+00
 66  1.4032076E+00
 67  1.4024637E+00
 68  1.4017617E+00
 69  1.4011006E+00
 70  1.4004794E+00
 71  1.3998969E+00
 72  1.3993518E+00
 73  1.3988428E+00
 74  1.3983685E+00
 75  1.3979273E+00
 76  1.3975178E+00
 77  1.3971384E+00
 78  1.3967875E+00
 79  1.3964633E+00
 80  1.3961642E+00
 81  1.3958884E+00
 82  1.3956339E+00
 83  1.3953988E+00
 84  1.3951806E+00
 85  1.3949768E+00
 86  1.3947843E+00
 87  1.3945994E+00
 88  1.3944178E+00
 89  1.3942346E+00
 90  1.3940450E+00
 91  1.3938457E+00
 92  1.3936383E+00
 93  1.3934330E+00
 94  1.3932503E+00
 95  1.3931145E+00
 96  1.3930374E+00
 97  1.3930076E+00
 98  1.3930008E+00
 99  1.3930000E+00
100  1.3930000E+00
101  1.3930000E+00
